Java HotSpot(TM) 64-Bit Server VM (25.211-b12) for bsd-amd64 JRE (1.8.0_211-b12), built on Apr  1 2019 20:53:18 by "java_re" with gcc 4.2.1 (Based on Apple Inc. build 5658) (LLVM build 2336.11.00)
Memory: 4k page, physical 33554432k(2823472k free)

/proc/meminfo:

CommandLine flags: -XX:CMSInitiatingOccupancyFraction=50 -XX:CMSMaxAbortablePrecleanTime=6000 -XX:+CMSParallelRemarkEnabled -XX:+CMSScavengeBeforeRemark -XX:ConcGCThreads=4 -XX:GCLogFileSize=20971520 -XX:InitialHeapSize=536870912 -XX:MaxHeapSize=536870912 -XX:MaxTenuringThreshold=8 -XX:NewRatio=3 -XX:NumberOfGCLogFiles=9 -XX:OldPLABSize=16 -XX:-OmitStackTraceInFastThrow -XX:OnOutOfMemoryError=/Users/miztlimelgoza/workspace/personal/hybris_tutorial/b2b_acc/hybris/bin/ext-commerce/solrserver/resources/solr/7.7/server/bin/oom_solr.sh 8983 /Users/miztlimelgoza/workspace/personal/hybris_tutorial/b2b_acc/hybris/log/solr/instances/default -XX:ParallelGCThreads=4 -XX:+ParallelRefProcEnabled -XX:PretenureSizeThreshold=67108864 -XX:+PrintGC -XX:+PrintGCApplicationStoppedTime -XX:+PrintGCDateStamps -XX:+PrintGCDetails -XX:+PrintGCTimeStamps -XX:+PrintHeapAtGC -XX:+PrintTenuringDistribution -XX:SurvivorRatio=4 -XX:TargetSurvivorRatio=90 -XX:ThreadStackSize=256 -XX:+UseCMSInitiatingOccupancyOnly -XX:+UseCompressedClassPointers -XX:+UseCompressedOops -XX:+UseConcMarkSweepGC -XX:+UseGCLogFileRotation -XX:+UseParNewGC 
2019-05-27T17:17:06.211+0600: 0.133: Total time for which application threads were stopped: 0.0000778 seconds, Stopping threads took: 0.0000064 seconds
2019-05-27T17:17:06.348+0600: 0.271: Total time for which application threads were stopped: 0.0001178 seconds, Stopping threads took: 0.0000084 seconds
2019-05-27T17:17:06.349+0600: 0.271: Total time for which application threads were stopped: 0.0000393 seconds, Stopping threads took: 0.0000054 seconds
2019-05-27T17:17:06.359+0600: 0.281: Total time for which application threads were stopped: 0.0000527 seconds, Stopping threads took: 0.0000059 seconds
2019-05-27T17:17:06.460+0600: 0.383: Total time for which application threads were stopped: 0.0001139 seconds, Stopping threads took: 0.0000079 seconds
2019-05-27T17:17:06.605+0600: 0.527: Total time for which application threads were stopped: 0.0001628 seconds, Stopping threads took: 0.0000077 seconds
2019-05-27T17:17:10.161+0600: 4.083: Total time for which application threads were stopped: 0.0001105 seconds, Stopping threads took: 0.0000134 seconds
2019-05-27T17:17:11.771+0600: 5.694: Total time for which application threads were stopped: 0.0001743 seconds, Stopping threads took: 0.0000063 seconds
2019-05-27T17:17:11.847+0600: 5.769: Total time for which application threads were stopped: 0.0001367 seconds, Stopping threads took: 0.0000103 seconds
2019-05-27T17:17:11.897+0600: 5.819: Total time for which application threads were stopped: 0.0000384 seconds, Stopping threads took: 0.0000135 seconds
2019-05-27T17:17:11.897+0600: 5.819: Total time for which application threads were stopped: 0.0000283 seconds, Stopping threads took: 0.0000127 seconds
2019-05-27T17:17:11.897+0600: 5.819: Total time for which application threads were stopped: 0.0000190 seconds, Stopping threads took: 0.0000043 seconds
2019-05-27T17:17:11.900+0600: 5.823: Total time for which application threads were stopped: 0.0001253 seconds, Stopping threads took: 0.0000049 seconds
2019-05-27T17:17:11.905+0600: 5.827: Total time for which application threads were stopped: 0.0002530 seconds, Stopping threads took: 0.0000196 seconds
{Heap before GC invocations=0 (full 0):
 par new generation   total 109248K, used 87424K [0x00000007a0000000, 0x00000007a8000000, 0x00000007a8000000)
  eden space 87424K, 100% used [0x00000007a0000000, 0x00000007a5560000, 0x00000007a5560000)
  from space 21824K,   0% used [0x00000007a5560000, 0x00000007a5560000, 0x00000007a6ab0000)
  to   space 21824K,   0% used [0x00000007a6ab0000, 0x00000007a6ab0000, 0x00000007a8000000)
 concurrent mark-sweep generation total 393216K, used 0K [0x00000007a8000000, 0x00000007c0000000, 0x00000007c0000000)
 Metaspace       used 17183K, capacity 17488K, committed 17920K, reserved 1064960K
  class space    used 2076K, capacity 2179K, committed 2304K, reserved 1048576K
2019-05-27T17:17:11.917+0600: 5.839: [GC (Allocation Failure) 2019-05-27T17:17:11.917+0600: 5.839: [ParNew
Desired survivor size 20112992 bytes, new threshold 8 (max 8)
- age   1:    9819920 bytes,    9819920 total
: 87424K->9689K(109248K), 0.0077732 secs] 87424K->9689K(502464K), 0.0078323 secs] [Times: user=0.02 sys=0.01, real=0.01 secs] 
Heap after GC invocations=1 (full 0):
 par new generation   total 109248K, used 9689K [0x00000007a0000000, 0x00000007a8000000, 0x00000007a8000000)
  eden space 87424K,   0% used [0x00000007a0000000, 0x00000007a0000000, 0x00000007a5560000)
  from space 21824K,  44% used [0x00000007a6ab0000, 0x00000007a7426790, 0x00000007a8000000)
  to   space 21824K,   0% used [0x00000007a5560000, 0x00000007a5560000, 0x00000007a6ab0000)
 concurrent mark-sweep generation total 393216K, used 0K [0x00000007a8000000, 0x00000007c0000000, 0x00000007c0000000)
 Metaspace       used 17183K, capacity 17488K, committed 17920K, reserved 1064960K
  class space    used 2076K, capacity 2179K, committed 2304K, reserved 1048576K
}
2019-05-27T17:17:11.924+0600: 5.847: Total time for which application threads were stopped: 0.0079754 seconds, Stopping threads took: 0.0000080 seconds
2019-05-27T17:17:11.925+0600: 5.847: Total time for which application threads were stopped: 0.0000577 seconds, Stopping threads took: 0.0000222 seconds
2019-05-27T17:17:11.925+0600: 5.848: Total time for which application threads were stopped: 0.0001088 seconds, Stopping threads took: 0.0000813 seconds
2019-05-27T17:17:11.926+0600: 5.848: Total time for which application threads were stopped: 0.0000676 seconds, Stopping threads took: 0.0000268 seconds
2019-05-27T17:17:11.927+0600: 5.850: Total time for which application threads were stopped: 0.0001354 seconds, Stopping threads took: 0.0001110 seconds
2019-05-27T17:17:11.927+0600: 5.850: Total time for which application threads were stopped: 0.0000430 seconds, Stopping threads took: 0.0000151 seconds
2019-05-27T17:17:11.927+0600: 5.850: Total time for which application threads were stopped: 0.0000396 seconds, Stopping threads took: 0.0000060 seconds
2019-05-27T17:17:11.927+0600: 5.850: Total time for which application threads were stopped: 0.0000439 seconds, Stopping threads took: 0.0000172 seconds
2019-05-27T17:17:11.953+0600: 5.876: Total time for which application threads were stopped: 0.0001532 seconds, Stopping threads took: 0.0000092 seconds
2019-05-27T17:17:11.962+0600: 5.885: Total time for which application threads were stopped: 0.0002401 seconds, Stopping threads took: 0.0000183 seconds
2019-05-27T17:17:12.081+0600: 6.003: Total time for which application threads were stopped: 0.0002045 seconds, Stopping threads took: 0.0000096 seconds
2019-05-27T17:17:12.176+0600: 6.098: Total time for which application threads were stopped: 0.0000656 seconds, Stopping threads took: 0.0000101 seconds
2019-05-27T17:17:12.186+0600: 6.108: Total time for which application threads were stopped: 0.0000472 seconds, Stopping threads took: 0.0000086 seconds
2019-05-27T17:17:12.204+0600: 6.127: Total time for which application threads were stopped: 0.0000538 seconds, Stopping threads took: 0.0000095 seconds
2019-05-27T17:17:12.226+0600: 6.148: Total time for which application threads were stopped: 0.0000782 seconds, Stopping threads took: 0.0000093 seconds
{Heap before GC invocations=1 (full 0):
 par new generation   total 109248K, used 97113K [0x00000007a0000000, 0x00000007a8000000, 0x00000007a8000000)
  eden space 87424K, 100% used [0x00000007a0000000, 0x00000007a5560000, 0x00000007a5560000)
  from space 21824K,  44% used [0x00000007a6ab0000, 0x00000007a7426790, 0x00000007a8000000)
  to   space 21824K,   0% used [0x00000007a5560000, 0x00000007a5560000, 0x00000007a6ab0000)
 concurrent mark-sweep generation total 393216K, used 0K [0x00000007a8000000, 0x00000007c0000000, 0x00000007c0000000)
 Metaspace       used 21958K, capacity 22346K, committed 22624K, reserved 1069056K
  class space    used 2645K, capacity 2776K, committed 2840K, reserved 1048576K
2019-05-27T17:17:12.372+0600: 6.294: [GC (Allocation Failure) 2019-05-27T17:17:12.372+0600: 6.294: [ParNew
Desired survivor size 20112992 bytes, new threshold 8 (max 8)
- age   1:    4985360 bytes,    4985360 total
- age   2:    4440104 bytes,    9425464 total
: 97113K->11557K(109248K), 0.0075239 secs] 97113K->11557K(502464K), 0.0076023 secs] [Times: user=0.04 sys=0.00, real=0.00 secs] 
Heap after GC invocations=2 (full 0):
 par new generation   total 109248K, used 11557K [0x00000007a0000000, 0x00000007a8000000, 0x00000007a8000000)
  eden space 87424K,   0% used [0x00000007a0000000, 0x00000007a0000000, 0x00000007a5560000)
  from space 21824K,  52% used [0x00000007a5560000, 0x00000007a60a9400, 0x00000007a6ab0000)
  to   space 21824K,   0% used [0x00000007a6ab0000, 0x00000007a6ab0000, 0x00000007a8000000)
 concurrent mark-sweep generation total 393216K, used 0K [0x00000007a8000000, 0x00000007c0000000, 0x00000007c0000000)
 Metaspace       used 21958K, capacity 22346K, committed 22624K, reserved 1069056K
  class space    used 2645K, capacity 2776K, committed 2840K, reserved 1048576K
}
2019-05-27T17:17:12.379+0600: 6.302: Total time for which application threads were stopped: 0.0077151 seconds, Stopping threads took: 0.0000120 seconds
2019-05-27T17:17:12.380+0600: 6.302: [GC (CMS Initial Mark) [1 CMS-initial-mark: 0K(393216K)] 13265K(502464K), 0.0012858 secs] [Times: user=0.01 sys=0.00, real=0.00 secs] 
2019-05-27T17:17:12.381+0600: 6.303: Total time for which application threads were stopped: 0.0013837 seconds, Stopping threads took: 0.0000402 seconds
2019-05-27T17:17:12.381+0600: 6.303: [CMS-concurrent-mark-start]
2019-05-27T17:17:12.381+0600: 6.303: [CMS-concurrent-mark: 0.000/0.000 secs] [Times: user=0.00 sys=0.00, real=0.00 secs] 
2019-05-27T17:17:12.381+0600: 6.303: [CMS-concurrent-preclean-start]
2019-05-27T17:17:12.381+0600: 6.304: Total time for which application threads were stopped: 0.0001100 seconds, Stopping threads took: 0.0000179 seconds
2019-05-27T17:17:12.382+0600: 6.304: [CMS-concurrent-preclean: 0.001/0.001 secs] [Times: user=0.00 sys=0.00, real=0.00 secs] 
2019-05-27T17:17:12.382+0600: 6.304: Total time for which application threads were stopped: 0.0000782 seconds, Stopping threads took: 0.0000180 seconds
2019-05-27T17:17:12.382+0600: 6.304: [GC (CMS Final Remark) [YG occupancy: 13265 K (109248 K)]{Heap before GC invocations=2 (full 1):
 par new generation   total 109248K, used 13265K [0x00000007a0000000, 0x00000007a8000000, 0x00000007a8000000)
  eden space 87424K,   1% used [0x00000007a0000000, 0x00000007a01ab058, 0x00000007a5560000)
  from space 21824K,  52% used [0x00000007a5560000, 0x00000007a60a9400, 0x00000007a6ab0000)
  to   space 21824K,   0% used [0x00000007a6ab0000, 0x00000007a6ab0000, 0x00000007a8000000)
 concurrent mark-sweep generation total 393216K, used 0K [0x00000007a8000000, 0x00000007c0000000, 0x00000007c0000000)
 Metaspace       used 21958K, capacity 22346K, committed 22624K, reserved 1069056K
  class space    used 2645K, capacity 2776K, committed 2840K, reserved 1048576K
2019-05-27T17:17:12.382+0600: 6.305: [GC (CMS Final Remark) 2019-05-27T17:17:12.382+0600: 6.305: [ParNew
Desired survivor size 20112992 bytes, new threshold 8 (max 8)
- age   1:        552 bytes,        552 total
- age   2:    4418792 bytes,    4419344 total
- age   3:    4439616 bytes,    8858960 total
: 13265K->12521K(109248K), 0.0047651 secs] 13265K->12521K(502464K), 0.0048326 secs] [Times: user=0.03 sys=0.01, real=0.00 secs] 
Heap after GC invocations=3 (full 1):
 par new generation   total 109248K, used 12521K [0x00000007a0000000, 0x00000007a8000000, 0x00000007a8000000)
  eden space 87424K,   0% used [0x00000007a0000000, 0x00000007a0000000, 0x00000007a5560000)
  from space 21824K,  57% used [0x00000007a6ab0000, 0x00000007a76ea560, 0x00000007a8000000)
  to   space 21824K,   0% used [0x00000007a5560000, 0x00000007a5560000, 0x00000007a6ab0000)
 concurrent mark-sweep generation total 393216K, used 0K [0x00000007a8000000, 0x00000007c0000000, 0x00000007c0000000)
 Metaspace       used 21958K, capacity 22346K, committed 22624K, reserved 1069056K
  class space    used 2645K, capacity 2776K, committed 2840K, reserved 1048576K
}
2019-05-27T17:17:12.387+0600: 6.309: [Rescan (parallel) , 0.0018060 secs]2019-05-27T17:17:12.389+0600: 6.311: [weak refs processing, 0.0016756 secs]2019-05-27T17:17:12.390+0600: 6.313: [class unloading, 0.0022080 secs]2019-05-27T17:17:12.393+0600: 6.315: [scrub symbol table, 0.0015289 secs]2019-05-27T17:17:12.394+0600: 6.317: [scrub string table, 0.0002232 secs][1 CMS-remark: 0K(393216K)] 12521K(502464K), 0.0128739 secs] [Times: user=0.06 sys=0.01, real=0.01 secs] 
2019-05-27T17:17:12.395+0600: 6.317: Total time for which application threads were stopped: 0.0129603 seconds, Stopping threads took: 0.0000149 seconds
2019-05-27T17:17:12.395+0600: 6.318: Total time for which application threads were stopped: 0.0000980 seconds, Stopping threads took: 0.0000233 seconds
2019-05-27T17:17:12.395+0600: 6.318: [CMS-concurrent-sweep-start]
2019-05-27T17:17:12.395+0600: 6.318: Total time for which application threads were stopped: 0.0000811 seconds, Stopping threads took: 0.0000417 seconds
2019-05-27T17:17:12.395+0600: 6.318: Total time for which application threads were stopped: 0.0000615 seconds, Stopping threads took: 0.0000220 seconds
2019-05-27T17:17:12.395+0600: 6.318: [CMS-concurrent-sweep: 0.000/0.000 secs] [Times: user=0.00 sys=0.00, real=0.00 secs] 
2019-05-27T17:17:12.396+0600: 6.318: Total time for which application threads were stopped: 0.0001860 seconds, Stopping threads took: 0.0001443 seconds
2019-05-27T17:17:12.396+0600: 6.318: [CMS-concurrent-reset-start]
2019-05-27T17:17:12.396+0600: 6.319: Total time for which application threads were stopped: 0.0000833 seconds, Stopping threads took: 0.0000349 seconds
2019-05-27T17:17:12.397+0600: 6.320: Total time for which application threads were stopped: 0.0000927 seconds, Stopping threads took: 0.0000423 seconds
2019-05-27T17:17:12.398+0600: 6.320: Total time for which application threads were stopped: 0.0000997 seconds, Stopping threads took: 0.0000279 seconds
2019-05-27T17:17:12.399+0600: 6.321: Total time for which application threads were stopped: 0.0001350 seconds, Stopping threads took: 0.0000556 seconds
2019-05-27T17:17:12.399+0600: 6.322: Total time for which application threads were stopped: 0.0001023 seconds, Stopping threads took: 0.0000528 seconds
2019-05-27T17:17:12.399+0600: 6.322: [CMS-concurrent-reset: 0.003/0.004 secs] [Times: user=0.02 sys=0.00, real=0.00 secs] 
2019-05-27T17:17:12.399+0600: 6.322: Total time for which application threads were stopped: 0.0001078 seconds, Stopping threads took: 0.0000163 seconds
2019-05-27T17:17:12.400+0600: 6.322: Total time for which application threads were stopped: 0.0001025 seconds, Stopping threads took: 0.0000301 seconds
2019-05-27T17:17:12.400+0600: 6.322: Total time for which application threads were stopped: 0.0000671 seconds, Stopping threads took: 0.0000353 seconds
2019-05-27T17:17:12.400+0600: 6.322: Total time for which application threads were stopped: 0.0000851 seconds, Stopping threads took: 0.0000232 seconds
2019-05-27T17:17:12.400+0600: 6.322: Total time for which application threads were stopped: 0.0000899 seconds, Stopping threads took: 0.0000481 seconds
2019-05-27T17:17:12.400+0600: 6.323: Total time for which application threads were stopped: 0.0000516 seconds, Stopping threads took: 0.0000298 seconds
2019-05-27T17:17:12.400+0600: 6.323: Total time for which application threads were stopped: 0.0000827 seconds, Stopping threads took: 0.0000225 seconds
2019-05-27T17:17:12.400+0600: 6.323: Total time for which application threads were stopped: 0.0001410 seconds, Stopping threads took: 0.0000640 seconds
2019-05-27T17:17:12.401+0600: 6.323: Total time for which application threads were stopped: 0.0001264 seconds, Stopping threads took: 0.0000562 seconds
2019-05-27T17:17:12.401+0600: 6.323: Total time for which application threads were stopped: 0.0001468 seconds, Stopping threads took: 0.0000626 seconds
2019-05-27T17:17:12.401+0600: 6.323: Total time for which application threads were stopped: 0.0000664 seconds, Stopping threads took: 0.0000276 seconds
2019-05-27T17:17:12.401+0600: 6.324: Total time for which application threads were stopped: 0.0000905 seconds, Stopping threads took: 0.0000137 seconds
2019-05-27T17:17:12.401+0600: 6.324: Total time for which application threads were stopped: 0.0000848 seconds, Stopping threads took: 0.0000212 seconds
2019-05-27T17:17:12.402+0600: 6.324: Total time for which application threads were stopped: 0.0000735 seconds, Stopping threads took: 0.0000216 seconds
2019-05-27T17:17:12.402+0600: 6.324: Total time for which application threads were stopped: 0.0001050 seconds, Stopping threads took: 0.0000327 seconds
2019-05-27T17:17:12.402+0600: 6.324: Total time for which application threads were stopped: 0.0000943 seconds, Stopping threads took: 0.0000457 seconds
2019-05-27T17:17:12.402+0600: 6.324: Total time for which application threads were stopped: 0.0000875 seconds, Stopping threads took: 0.0000199 seconds
2019-05-27T17:17:12.402+0600: 6.325: Total time for which application threads were stopped: 0.0001049 seconds, Stopping threads took: 0.0000183 seconds
2019-05-27T17:17:12.402+0600: 6.325: Total time for which application threads were stopped: 0.0001064 seconds, Stopping threads took: 0.0000297 seconds
2019-05-27T17:17:12.402+0600: 6.325: Total time for which application threads were stopped: 0.0000856 seconds, Stopping threads took: 0.0000564 seconds
2019-05-27T17:17:12.403+0600: 6.325: Total time for which application threads were stopped: 0.0001099 seconds, Stopping threads took: 0.0000556 seconds
2019-05-27T17:17:12.403+0600: 6.325: Total time for which application threads were stopped: 0.0001328 seconds, Stopping threads took: 0.0000444 seconds
2019-05-27T17:17:12.410+0600: 6.333: Total time for which application threads were stopped: 0.0002399 seconds, Stopping threads took: 0.0000300 seconds
2019-05-27T17:17:12.415+0600: 6.337: Total time for which application threads were stopped: 0.0001765 seconds, Stopping threads took: 0.0000086 seconds
2019-05-27T17:17:12.415+0600: 6.338: Total time for which application threads were stopped: 0.0001177 seconds, Stopping threads took: 0.0000064 seconds
2019-05-27T17:17:12.417+0600: 6.340: Total time for which application threads were stopped: 0.0001192 seconds, Stopping threads took: 0.0000063 seconds
2019-05-27T17:17:12.426+0600: 6.348: Total time for which application threads were stopped: 0.0000831 seconds, Stopping threads took: 0.0000092 seconds
2019-05-27T17:17:12.426+0600: 6.348: Total time for which application threads were stopped: 0.0000667 seconds, Stopping threads took: 0.0000257 seconds
2019-05-27T17:17:12.426+0600: 6.349: Total time for which application threads were stopped: 0.0000675 seconds, Stopping threads took: 0.0000251 seconds
2019-05-27T17:17:12.458+0600: 6.380: Total time for which application threads were stopped: 0.0002142 seconds, Stopping threads took: 0.0000093 seconds
2019-05-27T17:17:12.482+0600: 6.404: Total time for which application threads were stopped: 0.0000684 seconds, Stopping threads took: 0.0000081 seconds
2019-05-27T17:17:12.492+0600: 6.414: Total time for which application threads were stopped: 0.0002120 seconds, Stopping threads took: 0.0000085 seconds
2019-05-27T17:17:12.541+0600: 6.463: Total time for which application threads were stopped: 0.0000875 seconds, Stopping threads took: 0.0000110 seconds
2019-05-27T17:17:12.543+0600: 6.466: Total time for which application threads were stopped: 0.0000414 seconds, Stopping threads took: 0.0000073 seconds
2019-05-27T17:17:12.637+0600: 6.559: Total time for which application threads were stopped: 0.0002752 seconds, Stopping threads took: 0.0000117 seconds
2019-05-27T17:17:13.639+0600: 7.562: Total time for which application threads were stopped: 0.0000792 seconds, Stopping threads took: 0.0000170 seconds
2019-05-27T17:17:17.753+0600: 11.676: Total time for which application threads were stopped: 0.0000842 seconds, Stopping threads took: 0.0000122 seconds
2019-05-27T17:17:17.754+0600: 11.676: Total time for which application threads were stopped: 0.0000419 seconds, Stopping threads took: 0.0000082 seconds
2019-05-27T17:17:17.754+0600: 11.676: Total time for which application threads were stopped: 0.0000525 seconds, Stopping threads took: 0.0000190 seconds
2019-05-27T17:17:17.754+0600: 11.677: Total time for which application threads were stopped: 0.0000486 seconds, Stopping threads took: 0.0000149 seconds
2019-05-27T17:17:17.786+0600: 11.708: Total time for which application threads were stopped: 0.0000871 seconds, Stopping threads took: 0.0000107 seconds
2019-05-27T17:17:17.787+0600: 11.710: Total time for which application threads were stopped: 0.0000960 seconds, Stopping threads took: 0.0000296 seconds
2019-05-27T17:17:17.787+0600: 11.710: Total time for which application threads were stopped: 0.0000638 seconds, Stopping threads took: 0.0000218 seconds
2019-05-27T17:17:17.788+0600: 11.710: Total time for which application threads were stopped: 0.0000441 seconds, Stopping threads took: 0.0000145 seconds
2019-05-27T17:17:17.789+0600: 11.711: Total time for which application threads were stopped: 0.0001112 seconds, Stopping threads took: 0.0000320 seconds
{Heap before GC invocations=3 (full 1):
 par new generation   total 109248K, used 99945K [0x00000007a0000000, 0x00000007a8000000, 0x00000007a8000000)
  eden space 87424K, 100% used [0x00000007a0000000, 0x00000007a5560000, 0x00000007a5560000)
  from space 21824K,  57% used [0x00000007a6ab0000, 0x00000007a76ea560, 0x00000007a8000000)
  to   space 21824K,   0% used [0x00000007a5560000, 0x00000007a5560000, 0x00000007a6ab0000)
 concurrent mark-sweep generation total 393216K, used 0K [0x00000007a8000000, 0x00000007c0000000, 0x00000007c0000000)
 Metaspace       used 27230K, capacity 28006K, committed 28184K, reserved 1073152K
  class space    used 3326K, capacity 3569K, committed 3608K, reserved 1048576K
2019-05-27T17:17:17.800+0600: 11.722: [GC (Allocation Failure) 2019-05-27T17:17:17.800+0600: 11.722: [ParNew
Desired survivor size 20112992 bytes, new threshold 8 (max 8)
- age   1:    6309768 bytes,    6309768 total
- age   3:    1603856 bytes,    7913624 total
- age   4:    4358216 bytes,   12271840 total
: 99945K->14660K(109248K), 0.0066369 secs] 99945K->14660K(502464K), 0.0067170 secs] [Times: user=0.02 sys=0.00, real=0.00 secs] 
Heap after GC invocations=4 (full 1):
 par new generation   total 109248K, used 14660K [0x00000007a0000000, 0x00000007a8000000, 0x00000007a8000000)
  eden space 87424K,   0% used [0x00000007a0000000, 0x00000007a0000000, 0x00000007a5560000)
  from space 21824K,  67% used [0x00000007a5560000, 0x00000007a63b1260, 0x00000007a6ab0000)
  to   space 21824K,   0% used [0x00000007a6ab0000, 0x00000007a6ab0000, 0x00000007a8000000)
 concurrent mark-sweep generation total 393216K, used 0K [0x00000007a8000000, 0x00000007c0000000, 0x00000007c0000000)
 Metaspace       used 27230K, capacity 28006K, committed 28184K, reserved 1073152K
  class space    used 3326K, capacity 3569K, committed 3608K, reserved 1048576K
}
2019-05-27T17:17:17.807+0600: 11.729: Total time for which application threads were stopped: 0.0068286 seconds, Stopping threads took: 0.0000112 seconds
2019-05-27T17:17:17.807+0600: 11.729: Total time for which application threads were stopped: 0.0000764 seconds, Stopping threads took: 0.0000184 seconds
2019-05-27T17:17:17.807+0600: 11.730: Total time for which application threads were stopped: 0.0001627 seconds, Stopping threads took: 0.0001246 seconds
2019-05-27T17:17:17.808+0600: 11.730: Total time for which application threads were stopped: 0.0000442 seconds, Stopping threads took: 0.0000074 seconds
2019-05-27T17:17:17.808+0600: 11.731: Total time for which application threads were stopped: 0.0001618 seconds, Stopping threads took: 0.0001287 seconds
2019-05-27T17:17:17.808+0600: 11.731: Total time for which application threads were stopped: 0.0000409 seconds, Stopping threads took: 0.0000059 seconds
2019-05-27T17:17:17.808+0600: 11.731: Total time for which application threads were stopped: 0.0000353 seconds, Stopping threads took: 0.0000059 seconds
2019-05-27T17:17:17.808+0600: 11.731: Total time for which application threads were stopped: 0.0000337 seconds, Stopping threads took: 0.0000057 seconds
2019-05-27T17:17:17.808+0600: 11.731: Total time for which application threads were stopped: 0.0000398 seconds, Stopping threads took: 0.0000071 seconds
2019-05-27T17:17:17.809+0600: 11.731: Total time for which application threads were stopped: 0.0000354 seconds, Stopping threads took: 0.0000078 seconds
2019-05-27T17:17:17.809+0600: 11.731: Total time for which application threads were stopped: 0.0000315 seconds, Stopping threads took: 0.0000054 seconds
2019-05-27T17:17:17.809+0600: 11.731: Total time for which application threads were stopped: 0.0000317 seconds, Stopping threads took: 0.0000056 seconds
2019-05-27T17:17:17.809+0600: 11.731: Total time for which application threads were stopped: 0.0000313 seconds, Stopping threads took: 0.0000054 seconds
2019-05-27T17:17:17.809+0600: 11.731: Total time for which application threads were stopped: 0.0000395 seconds, Stopping threads took: 0.0000073 seconds
2019-05-27T17:17:17.809+0600: 11.731: Total time for which application threads were stopped: 0.0000429 seconds, Stopping threads took: 0.0000159 seconds
2019-05-27T17:17:17.809+0600: 11.731: Total time for which application threads were stopped: 0.0000419 seconds, Stopping threads took: 0.0000062 seconds
2019-05-27T17:17:17.809+0600: 11.731: Total time for which application threads were stopped: 0.0000398 seconds, Stopping threads took: 0.0000069 seconds
2019-05-27T17:17:17.809+0600: 11.731: Total time for which application threads were stopped: 0.0000473 seconds, Stopping threads took: 0.0000149 seconds
2019-05-27T17:17:17.809+0600: 11.731: Total time for which application threads were stopped: 0.0000471 seconds, Stopping threads took: 0.0000141 seconds
2019-05-27T17:17:17.809+0600: 11.731: Total time for which application threads were stopped: 0.0000367 seconds, Stopping threads took: 0.0000057 seconds
2019-05-27T17:17:17.809+0600: 11.732: Total time for which application threads were stopped: 0.0000472 seconds, Stopping threads took: 0.0000130 seconds
2019-05-27T17:17:17.809+0600: 11.732: Total time for which application threads were stopped: 0.0000390 seconds, Stopping threads took: 0.0000062 seconds
2019-05-27T17:17:17.860+0600: 11.783: Total time for which application threads were stopped: 0.0001330 seconds, Stopping threads took: 0.0000132 seconds
2019-05-27T17:17:17.861+0600: 11.783: Total time for which application threads were stopped: 0.0000433 seconds, Stopping threads took: 0.0000076 seconds
2019-05-27T17:17:17.861+0600: 11.783: Total time for which application threads were stopped: 0.0000303 seconds, Stopping threads took: 0.0000060 seconds
2019-05-27T17:17:17.861+0600: 11.784: Total time for which application threads were stopped: 0.0001869 seconds, Stopping threads took: 0.0001585 seconds
2019-05-27T17:17:17.862+0600: 11.784: Total time for which application threads were stopped: 0.0002730 seconds, Stopping threads took: 0.0002416 seconds
2019-05-27T17:17:17.862+0600: 11.785: Total time for which application threads were stopped: 0.0001478 seconds, Stopping threads took: 0.0001164 seconds
2019-05-27T17:17:17.862+0600: 11.785: Total time for which application threads were stopped: 0.0000375 seconds, Stopping threads took: 0.0000073 seconds
2019-05-27T17:17:17.862+0600: 11.785: Total time for which application threads were stopped: 0.0000348 seconds, Stopping threads took: 0.0000070 seconds
2019-05-27T17:17:17.863+0600: 11.786: Total time for which application threads were stopped: 0.0000492 seconds, Stopping threads took: 0.0000142 seconds
2019-05-27T17:17:17.863+0600: 11.786: Total time for which application threads were stopped: 0.0000531 seconds, Stopping threads took: 0.0000222 seconds
2019-05-27T17:18:02.581+0600: 56.503: Total time for which application threads were stopped: 0.0001044 seconds, Stopping threads took: 0.0000248 seconds
2019-05-27T17:18:02.582+0600: 56.503: Total time for which application threads were stopped: 0.0000318 seconds, Stopping threads took: 0.0000069 seconds
2019-05-27T17:18:02.582+0600: 56.503: Total time for which application threads were stopped: 0.0000331 seconds, Stopping threads took: 0.0000076 seconds
2019-05-27T17:18:02.582+0600: 56.503: Total time for which application threads were stopped: 0.0000329 seconds, Stopping threads took: 0.0000077 seconds
2019-05-27T17:18:02.582+0600: 56.503: Total time for which application threads were stopped: 0.0000326 seconds, Stopping threads took: 0.0000076 seconds
2019-05-27T17:18:02.582+0600: 56.503: Total time for which application threads were stopped: 0.0000270 seconds, Stopping threads took: 0.0000062 seconds
2019-05-27T17:18:02.582+0600: 56.503: Total time for which application threads were stopped: 0.0000323 seconds, Stopping threads took: 0.0000072 seconds
2019-05-27T17:18:02.582+0600: 56.503: Total time for which application threads were stopped: 0.0000259 seconds, Stopping threads took: 0.0000059 seconds
2019-05-27T17:18:02.582+0600: 56.503: Total time for which application threads were stopped: 0.0000251 seconds, Stopping threads took: 0.0000059 seconds
2019-05-27T17:18:02.582+0600: 56.503: Total time for which application threads were stopped: 0.0000327 seconds, Stopping threads took: 0.0000078 seconds
2019-05-27T17:18:02.582+0600: 56.503: Total time for which application threads were stopped: 0.0000290 seconds, Stopping threads took: 0.0000065 seconds
2019-05-27T17:18:02.582+0600: 56.503: Total time for which application threads were stopped: 0.0000251 seconds, Stopping threads took: 0.0000057 seconds
2019-05-27T17:18:02.582+0600: 56.503: Total time for which application threads were stopped: 0.0000327 seconds, Stopping threads took: 0.0000076 seconds
2019-05-27T17:18:02.582+0600: 56.504: Total time for which application threads were stopped: 0.0000268 seconds, Stopping threads took: 0.0000061 seconds
2019-05-27T17:18:02.582+0600: 56.504: Total time for which application threads were stopped: 0.0000323 seconds, Stopping threads took: 0.0000077 seconds
2019-05-27T17:18:02.582+0600: 56.504: Total time for which application threads were stopped: 0.0000264 seconds, Stopping threads took: 0.0000059 seconds
2019-05-27T17:18:02.582+0600: 56.504: Total time for which application threads were stopped: 0.0000250 seconds, Stopping threads took: 0.0000059 seconds
2019-05-27T17:18:02.582+0600: 56.504: Total time for which application threads were stopped: 0.0000257 seconds, Stopping threads took: 0.0000061 seconds
2019-05-27T17:18:02.583+0600: 56.504: Total time for which application threads were stopped: 0.0000330 seconds, Stopping threads took: 0.0000078 seconds
2019-05-27T17:18:02.583+0600: 56.504: Total time for which application threads were stopped: 0.0000373 seconds, Stopping threads took: 0.0000098 seconds
2019-05-27T17:18:02.583+0600: 56.504: Total time for which application threads were stopped: 0.0001259 seconds, Stopping threads took: 0.0000069 seconds
2019-05-27T17:18:02.583+0600: 56.504: Total time for which application threads were stopped: 0.0000278 seconds, Stopping threads took: 0.0000065 seconds
2019-05-27T17:18:02.583+0600: 56.504: Total time for which application threads were stopped: 0.0000278 seconds, Stopping threads took: 0.0000071 seconds
2019-05-27T17:18:02.583+0600: 56.504: Total time for which application threads were stopped: 0.0000267 seconds, Stopping threads took: 0.0000072 seconds
2019-05-27T17:18:02.583+0600: 56.505: Total time for which application threads were stopped: 0.0000297 seconds, Stopping threads took: 0.0000062 seconds
2019-05-27T17:18:02.583+0600: 56.505: Total time for which application threads were stopped: 0.0000260 seconds, Stopping threads took: 0.0000060 seconds
2019-05-27T17:18:02.583+0600: 56.505: Total time for which application threads were stopped: 0.0000256 seconds, Stopping threads took: 0.0000065 seconds
2019-05-27T17:18:02.584+0600: 56.505: Total time for which application threads were stopped: 0.0000265 seconds, Stopping threads took: 0.0000061 seconds
2019-05-27T17:18:02.584+0600: 56.505: Total time for which application threads were stopped: 0.0000220 seconds, Stopping threads took: 0.0000039 seconds
2019-05-27T17:18:02.584+0600: 56.505: Total time for which application threads were stopped: 0.0000279 seconds, Stopping threads took: 0.0000065 seconds
2019-05-27T17:18:02.584+0600: 56.505: Total time for which application threads were stopped: 0.0000267 seconds, Stopping threads took: 0.0000061 seconds
2019-05-27T17:18:02.584+0600: 56.505: Total time for which application threads were stopped: 0.0000240 seconds, Stopping threads took: 0.0000061 seconds
2019-05-27T17:18:17.704+0600: 71.625: Total time for which application threads were stopped: 0.0001566 seconds, Stopping threads took: 0.0001072 seconds
2019-05-27T17:18:17.704+0600: 71.625: Total time for which application threads were stopped: 0.0000736 seconds, Stopping threads took: 0.0000327 seconds
2019-05-27T17:18:17.704+0600: 71.625: Total time for which application threads were stopped: 0.0001043 seconds, Stopping threads took: 0.0000622 seconds
2019-05-27T17:18:17.704+0600: 71.625: Total time for which application threads were stopped: 0.0000685 seconds, Stopping threads took: 0.0000321 seconds
2019-05-27T17:18:17.704+0600: 71.625: Total time for which application threads were stopped: 0.0001558 seconds, Stopping threads took: 0.0001112 seconds
2019-05-27T17:18:17.705+0600: 71.626: Total time for which application threads were stopped: 0.0001144 seconds, Stopping threads took: 0.0000165 seconds
2019-05-27T17:18:17.705+0600: 71.626: Total time for which application threads were stopped: 0.0000554 seconds, Stopping threads took: 0.0000181 seconds
2019-05-27T17:18:17.705+0600: 71.626: Total time for which application threads were stopped: 0.0000536 seconds, Stopping threads took: 0.0000168 seconds
2019-05-27T17:18:17.705+0600: 71.626: Total time for which application threads were stopped: 0.0000518 seconds, Stopping threads took: 0.0000158 seconds
2019-05-27T17:18:17.705+0600: 71.626: Total time for which application threads were stopped: 0.0000602 seconds, Stopping threads took: 0.0000280 seconds
2019-05-27T17:18:17.705+0600: 71.626: Total time for which application threads were stopped: 0.0000401 seconds, Stopping threads took: 0.0000200 seconds
2019-05-27T17:18:17.705+0600: 71.626: Total time for which application threads were stopped: 0.0000650 seconds, Stopping threads took: 0.0000195 seconds
2019-05-27T17:18:17.706+0600: 71.627: Total time for which application threads were stopped: 0.0000497 seconds, Stopping threads took: 0.0000047 seconds
2019-05-27T17:18:17.706+0600: 71.627: Total time for which application threads were stopped: 0.0000387 seconds, Stopping threads took: 0.0000234 seconds
2019-05-27T17:18:17.706+0600: 71.627: Total time for which application threads were stopped: 0.0000640 seconds, Stopping threads took: 0.0000043 seconds
2019-05-27T17:18:17.706+0600: 71.627: Total time for which application threads were stopped: 0.0000619 seconds, Stopping threads took: 0.0000258 seconds
2019-05-27T17:18:17.706+0600: 71.627: Total time for which application threads were stopped: 0.0000667 seconds, Stopping threads took: 0.0000054 seconds
2019-05-27T17:18:17.706+0600: 71.627: Total time for which application threads were stopped: 0.0000638 seconds, Stopping threads took: 0.0000185 seconds
2019-05-27T17:18:17.706+0600: 71.627: Total time for which application threads were stopped: 0.0000545 seconds, Stopping threads took: 0.0000060 seconds
2019-05-27T17:18:17.706+0600: 71.627: Total time for which application threads were stopped: 0.0001266 seconds, Stopping threads took: 0.0000043 seconds
2019-05-27T17:18:17.707+0600: 71.628: Total time for which application threads were stopped: 0.0000555 seconds, Stopping threads took: 0.0000241 seconds
2019-05-27T17:18:17.707+0600: 71.628: Total time for which application threads were stopped: 0.0000626 seconds, Stopping threads took: 0.0000187 seconds
2019-05-27T17:18:17.707+0600: 71.628: Total time for which application threads were stopped: 0.0000579 seconds, Stopping threads took: 0.0000244 seconds
2019-05-27T17:18:17.707+0600: 71.628: Total time for which application threads were stopped: 0.0000442 seconds, Stopping threads took: 0.0000061 seconds
2019-05-27T17:18:17.708+0600: 71.629: Total time for which application threads were stopped: 0.0000906 seconds, Stopping threads took: 0.0000359 seconds
2019-05-27T17:18:17.708+0600: 71.629: Total time for which application threads were stopped: 0.0000436 seconds, Stopping threads took: 0.0000070 seconds
2019-05-27T17:18:17.709+0600: 71.630: Total time for which application threads were stopped: 0.0000690 seconds, Stopping threads took: 0.0000314 seconds
2019-05-27T17:18:17.709+0600: 71.630: Total time for which application threads were stopped: 0.0000768 seconds, Stopping threads took: 0.0000130 seconds
2019-05-27T17:18:17.712+0600: 71.633: Total time for which application threads were stopped: 0.0000486 seconds, Stopping threads took: 0.0000088 seconds
2019-05-27T17:18:17.712+0600: 71.633: Total time for which application threads were stopped: 0.0000342 seconds, Stopping threads took: 0.0000051 seconds
2019-05-27T17:18:17.712+0600: 71.633: Total time for which application threads were stopped: 0.0000345 seconds, Stopping threads took: 0.0000049 seconds
2019-05-27T17:18:17.712+0600: 71.633: Total time for which application threads were stopped: 0.0001488 seconds, Stopping threads took: 0.0000054 seconds
2019-05-27T17:18:17.715+0600: 71.636: Total time for which application threads were stopped: 0.0000716 seconds, Stopping threads took: 0.0000299 seconds
2019-05-27T17:18:17.715+0600: 71.636: Total time for which application threads were stopped: 0.0000719 seconds, Stopping threads took: 0.0000264 seconds
2019-05-27T17:18:17.716+0600: 71.637: Total time for which application threads were stopped: 0.0000528 seconds, Stopping threads took: 0.0000195 seconds
2019-05-27T17:18:17.716+0600: 71.637: Total time for which application threads were stopped: 0.0000620 seconds, Stopping threads took: 0.0000284 seconds
2019-05-27T17:18:17.716+0600: 71.637: Total time for which application threads were stopped: 0.0000654 seconds, Stopping threads took: 0.0000266 seconds
2019-05-27T17:18:17.718+0600: 71.639: Total time for which application threads were stopped: 0.0000252 seconds, Stopping threads took: 0.0000058 seconds
2019-05-27T17:18:17.724+0600: 71.645: Total time for which application threads were stopped: 0.0000746 seconds, Stopping threads took: 0.0000313 seconds
2019-05-27T17:18:17.724+0600: 71.645: Total time for which application threads were stopped: 0.0001027 seconds, Stopping threads took: 0.0000076 seconds
2019-05-27T17:18:17.726+0600: 71.647: Total time for which application threads were stopped: 0.0002496 seconds, Stopping threads took: 0.0000203 seconds
2019-05-27T17:18:18.731+0600: 72.652: Total time for which application threads were stopped: 0.0000826 seconds, Stopping threads took: 0.0000253 seconds
2019-05-27T17:19:17.842+0600: 131.761: Total time for which application threads were stopped: 0.0000520 seconds, Stopping threads took: 0.0000185 seconds
2019-05-27T17:19:35.376+0600: 149.296: Total time for which application threads were stopped: 0.0001033 seconds, Stopping threads took: 0.0000115 seconds
2019-05-27T17:19:35.377+0600: 149.296: Total time for which application threads were stopped: 0.0000326 seconds, Stopping threads took: 0.0000076 seconds
2019-05-27T17:19:35.378+0600: 149.297: Total time for which application threads were stopped: 0.0000260 seconds, Stopping threads took: 0.0000057 seconds
2019-05-27T17:19:35.378+0600: 149.298: Total time for which application threads were stopped: 0.0000342 seconds, Stopping threads took: 0.0000073 seconds
2019-05-27T17:19:35.378+0600: 149.298: Total time for which application threads were stopped: 0.0000311 seconds, Stopping threads took: 0.0000062 seconds
2019-05-27T17:19:35.380+0600: 149.299: Total time for which application threads were stopped: 0.0000381 seconds, Stopping threads took: 0.0000089 seconds
2019-05-27T17:19:35.380+0600: 149.299: Total time for which application threads were stopped: 0.0000338 seconds, Stopping threads took: 0.0000078 seconds
2019-05-27T17:19:35.380+0600: 149.299: Total time for which application threads were stopped: 0.0000297 seconds, Stopping threads took: 0.0000067 seconds
2019-05-27T17:19:35.380+0600: 149.299: Total time for which application threads were stopped: 0.0000259 seconds, Stopping threads took: 0.0000056 seconds
2019-05-27T17:19:35.380+0600: 149.299: Total time for which application threads were stopped: 0.0000260 seconds, Stopping threads took: 0.0000059 seconds
2019-05-27T17:19:35.380+0600: 149.300: Total time for which application threads were stopped: 0.0000253 seconds, Stopping threads took: 0.0000052 seconds
2019-05-27T17:19:35.385+0600: 149.304: Total time for which application threads were stopped: 0.0000767 seconds, Stopping threads took: 0.0000407 seconds
2019-05-27T17:19:35.385+0600: 149.304: Total time for which application threads were stopped: 0.0000332 seconds, Stopping threads took: 0.0000078 seconds
2019-05-27T17:19:35.385+0600: 149.305: Total time for which application threads were stopped: 0.0000218 seconds, Stopping threads took: 0.0000051 seconds
2019-05-27T17:19:35.392+0600: 149.312: Total time for which application threads were stopped: 0.0000548 seconds, Stopping threads took: 0.0000155 seconds
2019-05-27T17:19:35.400+0600: 149.319: Total time for which application threads were stopped: 0.0000591 seconds, Stopping threads took: 0.0000156 seconds
2019-05-27T17:19:35.404+0600: 149.323: Total time for which application threads were stopped: 0.0002729 seconds, Stopping threads took: 0.0000111 seconds
2019-05-27T17:19:35.421+0600: 149.340: Total time for which application threads were stopped: 0.0000482 seconds, Stopping threads took: 0.0000129 seconds
2019-05-27T17:19:35.422+0600: 149.341: Total time for which application threads were stopped: 0.0000386 seconds, Stopping threads took: 0.0000086 seconds
2019-05-27T17:19:35.422+0600: 149.341: Total time for which application threads were stopped: 0.0000271 seconds, Stopping threads took: 0.0000059 seconds
2019-05-27T17:19:35.422+0600: 149.341: Total time for which application threads were stopped: 0.0000332 seconds, Stopping threads took: 0.0000071 seconds
2019-05-27T17:19:35.423+0600: 149.342: Total time for which application threads were stopped: 0.0000498 seconds, Stopping threads took: 0.0000073 seconds
2019-05-27T17:19:35.423+0600: 149.342: Total time for which application threads were stopped: 0.0000718 seconds, Stopping threads took: 0.0000059 seconds
2019-05-27T17:19:35.423+0600: 149.342: Total time for which application threads were stopped: 0.0000280 seconds, Stopping threads took: 0.0000064 seconds
2019-05-27T17:19:35.424+0600: 149.344: Total time for which application threads were stopped: 0.0000298 seconds, Stopping threads took: 0.0000068 seconds
2019-05-27T17:19:35.424+0600: 149.344: Total time for which application threads were stopped: 0.0000247 seconds, Stopping threads took: 0.0000059 seconds
2019-05-27T17:19:35.424+0600: 149.344: Total time for which application threads were stopped: 0.0000236 seconds, Stopping threads took: 0.0000056 seconds
2019-05-27T17:19:35.425+0600: 149.345: Total time for which application threads were stopped: 0.0000328 seconds, Stopping threads took: 0.0000085 seconds
2019-05-27T17:19:35.425+0600: 149.345: Total time for which application threads were stopped: 0.0000296 seconds, Stopping threads took: 0.0000063 seconds
2019-05-27T17:19:35.427+0600: 149.346: Total time for which application threads were stopped: 0.0000326 seconds, Stopping threads took: 0.0000083 seconds
2019-05-27T17:19:35.427+0600: 149.346: Total time for which application threads were stopped: 0.0000797 seconds, Stopping threads took: 0.0000536 seconds
2019-05-27T17:19:35.427+0600: 149.346: Total time for which application threads were stopped: 0.0000418 seconds, Stopping threads took: 0.0000079 seconds
2019-05-27T17:19:35.428+0600: 149.347: Total time for which application threads were stopped: 0.0000320 seconds, Stopping threads took: 0.0000081 seconds
2019-05-27T17:19:35.439+0600: 149.359: Total time for which application threads were stopped: 0.0000747 seconds, Stopping threads took: 0.0000249 seconds
2019-05-27T17:19:35.441+0600: 149.360: Total time for which application threads were stopped: 0.0000364 seconds, Stopping threads took: 0.0000080 seconds
2019-05-27T17:19:35.441+0600: 149.360: Total time for which application threads were stopped: 0.0000320 seconds, Stopping threads took: 0.0000077 seconds
2019-05-27T17:19:35.441+0600: 149.360: Total time for which application threads were stopped: 0.0000313 seconds, Stopping threads took: 0.0000068 seconds
2019-05-27T17:19:35.441+0600: 149.360: Total time for which application threads were stopped: 0.0000282 seconds, Stopping threads took: 0.0000062 seconds
2019-05-27T17:19:35.442+0600: 149.361: Total time for which application threads were stopped: 0.0000315 seconds, Stopping threads took: 0.0000069 seconds
2019-05-27T17:19:35.444+0600: 149.364: Total time for which application threads were stopped: 0.0000393 seconds, Stopping threads took: 0.0000077 seconds
2019-05-27T17:19:35.445+0600: 149.364: Total time for which application threads were stopped: 0.0000275 seconds, Stopping threads took: 0.0000065 seconds
2019-05-27T17:19:35.445+0600: 149.365: Total time for which application threads were stopped: 0.0000284 seconds, Stopping threads took: 0.0000064 seconds
2019-05-27T17:19:35.447+0600: 149.366: Total time for which application threads were stopped: 0.0000350 seconds, Stopping threads took: 0.0000077 seconds
2019-05-27T17:19:35.447+0600: 149.367: Total time for which application threads were stopped: 0.0000875 seconds, Stopping threads took: 0.0000062 seconds
2019-05-27T17:19:35.447+0600: 149.367: Total time for which application threads were stopped: 0.0000323 seconds, Stopping threads took: 0.0000076 seconds
2019-05-27T17:19:35.448+0600: 149.367: Total time for which application threads were stopped: 0.0000438 seconds, Stopping threads took: 0.0000183 seconds
2019-05-27T17:19:35.475+0600: 149.394: Total time for which application threads were stopped: 0.0000631 seconds, Stopping threads took: 0.0000166 seconds
2019-05-27T17:19:35.475+0600: 149.394: Total time for which application threads were stopped: 0.0000571 seconds, Stopping threads took: 0.0000207 seconds
2019-05-27T17:19:35.475+0600: 149.395: Total time for which application threads were stopped: 0.0000416 seconds, Stopping threads took: 0.0000099 seconds
2019-05-27T17:19:35.475+0600: 149.395: Total time for which application threads were stopped: 0.0000403 seconds, Stopping threads took: 0.0000088 seconds
2019-05-27T17:19:35.475+0600: 149.395: Total time for which application threads were stopped: 0.0000323 seconds, Stopping threads took: 0.0000057 seconds
2019-05-27T17:19:35.476+0600: 149.395: Total time for which application threads were stopped: 0.0000572 seconds, Stopping threads took: 0.0000278 seconds
2019-05-27T17:19:35.476+0600: 149.395: Total time for which application threads were stopped: 0.0000303 seconds, Stopping threads took: 0.0000069 seconds
2019-05-27T17:19:35.476+0600: 149.395: Total time for which application threads were stopped: 0.0000407 seconds, Stopping threads took: 0.0000078 seconds
2019-05-27T17:19:35.476+0600: 149.396: Total time for which application threads were stopped: 0.0000661 seconds, Stopping threads took: 0.0000312 seconds
2019-05-27T17:19:35.477+0600: 149.396: Total time for which application threads were stopped: 0.0000568 seconds, Stopping threads took: 0.0000210 seconds
2019-05-27T17:19:35.479+0600: 149.398: Total time for which application threads were stopped: 0.0000497 seconds, Stopping threads took: 0.0000095 seconds
2019-05-27T17:19:35.480+0600: 149.399: Total time for which application threads were stopped: 0.0000421 seconds, Stopping threads took: 0.0000076 seconds
2019-05-27T17:19:35.480+0600: 149.399: Total time for which application threads were stopped: 0.0000359 seconds, Stopping threads took: 0.0000068 seconds
2019-05-27T17:19:35.506+0600: 149.425: Total time for which application threads were stopped: 0.0000717 seconds, Stopping threads took: 0.0000226 seconds
2019-05-27T17:19:35.506+0600: 149.426: Total time for which application threads were stopped: 0.0000446 seconds, Stopping threads took: 0.0000112 seconds
2019-05-27T17:19:35.507+0600: 149.426: Total time for which application threads were stopped: 0.0000350 seconds, Stopping threads took: 0.0000073 seconds
2019-05-27T17:19:35.507+0600: 149.426: Total time for which application threads were stopped: 0.0000271 seconds, Stopping threads took: 0.0000061 seconds
2019-05-27T17:19:35.511+0600: 149.430: Total time for which application threads were stopped: 0.0000520 seconds, Stopping threads took: 0.0000210 seconds
2019-05-27T17:19:35.518+0600: 149.438: Total time for which application threads were stopped: 0.0000504 seconds, Stopping threads took: 0.0000116 seconds
2019-05-27T17:19:35.523+0600: 149.442: Total time for which application threads were stopped: 0.0000421 seconds, Stopping threads took: 0.0000112 seconds
2019-05-27T17:19:35.525+0600: 149.445: Total time for which application threads were stopped: 0.0000485 seconds, Stopping threads took: 0.0000113 seconds
2019-05-27T17:19:35.527+0600: 149.446: Total time for which application threads were stopped: 0.0000384 seconds, Stopping threads took: 0.0000087 seconds
2019-05-27T17:19:35.527+0600: 149.447: Total time for which application threads were stopped: 0.0000336 seconds, Stopping threads took: 0.0000071 seconds
2019-05-27T17:19:35.530+0600: 149.450: Total time for which application threads were stopped: 0.0000387 seconds, Stopping threads took: 0.0000076 seconds
2019-05-27T17:19:35.530+0600: 149.450: Total time for which application threads were stopped: 0.0000296 seconds, Stopping threads took: 0.0000066 seconds
2019-05-27T17:19:35.533+0600: 149.453: Total time for which application threads were stopped: 0.0000331 seconds, Stopping threads took: 0.0000071 seconds
2019-05-27T17:19:35.533+0600: 149.453: Total time for which application threads were stopped: 0.0000271 seconds, Stopping threads took: 0.0000055 seconds
2019-05-27T17:19:35.539+0600: 149.458: Total time for which application threads were stopped: 0.0000434 seconds, Stopping threads took: 0.0000109 seconds
2019-05-27T17:19:35.539+0600: 149.458: Total time for which application threads were stopped: 0.0000344 seconds, Stopping threads took: 0.0000071 seconds
2019-05-27T17:19:35.545+0600: 149.465: Total time for which application threads were stopped: 0.0000379 seconds, Stopping threads took: 0.0000080 seconds
2019-05-27T17:19:35.546+0600: 149.465: Total time for which application threads were stopped: 0.0000315 seconds, Stopping threads took: 0.0000063 seconds
2019-05-27T17:19:35.550+0600: 149.469: Total time for which application threads were stopped: 0.0000331 seconds, Stopping threads took: 0.0000068 seconds
2019-05-27T17:19:35.554+0600: 149.474: Total time for which application threads were stopped: 0.0000362 seconds, Stopping threads took: 0.0000080 seconds
2019-05-27T17:19:35.557+0600: 149.477: Total time for which application threads were stopped: 0.0000345 seconds, Stopping threads took: 0.0000072 seconds
2019-05-27T17:19:35.557+0600: 149.477: Total time for which application threads were stopped: 0.0000285 seconds, Stopping threads took: 0.0000060 seconds
2019-05-27T17:19:35.592+0600: 149.511: Total time for which application threads were stopped: 0.0000772 seconds, Stopping threads took: 0.0000150 seconds
2019-05-27T17:19:35.593+0600: 149.512: Total time for which application threads were stopped: 0.0000426 seconds, Stopping threads took: 0.0000091 seconds
2019-05-27T17:19:35.593+0600: 149.512: Total time for which application threads were stopped: 0.0000387 seconds, Stopping threads took: 0.0000081 seconds
2019-05-27T17:19:35.593+0600: 149.513: Total time for which application threads were stopped: 0.0000364 seconds, Stopping threads took: 0.0000078 seconds
2019-05-27T17:19:35.594+0600: 149.513: Total time for which application threads were stopped: 0.0000370 seconds, Stopping threads took: 0.0000075 seconds
2019-05-27T17:19:35.594+0600: 149.514: Total time for which application threads were stopped: 0.0000388 seconds, Stopping threads took: 0.0000072 seconds
2019-05-27T17:19:35.595+0600: 149.514: Total time for which application threads were stopped: 0.0000322 seconds, Stopping threads took: 0.0000070 seconds
2019-05-27T17:19:35.595+0600: 149.514: Total time for which application threads were stopped: 0.0000307 seconds, Stopping threads took: 0.0000067 seconds
2019-05-27T17:19:35.596+0600: 149.515: Total time for which application threads were stopped: 0.0000381 seconds, Stopping threads took: 0.0000077 seconds
2019-05-27T17:19:35.597+0600: 149.516: Total time for which application threads were stopped: 0.0000344 seconds, Stopping threads took: 0.0000080 seconds
2019-05-27T17:19:35.597+0600: 149.516: Total time for which application threads were stopped: 0.0000277 seconds, Stopping threads took: 0.0000067 seconds
2019-05-27T17:19:35.598+0600: 149.517: Total time for which application threads were stopped: 0.0000403 seconds, Stopping threads took: 0.0000074 seconds
2019-05-27T17:19:35.605+0600: 149.524: Total time for which application threads were stopped: 0.0000552 seconds, Stopping threads took: 0.0000120 seconds
2019-05-27T17:19:35.605+0600: 149.524: Total time for which application threads were stopped: 0.0000364 seconds, Stopping threads took: 0.0000082 seconds
2019-05-27T17:19:35.605+0600: 149.524: Total time for which application threads were stopped: 0.0000419 seconds, Stopping threads took: 0.0000186 seconds
2019-05-27T17:19:35.605+0600: 149.524: Total time for which application threads were stopped: 0.0000473 seconds, Stopping threads took: 0.0000235 seconds
2019-05-27T17:19:35.620+0600: 149.539: Total time for which application threads were stopped: 0.0000631 seconds, Stopping threads took: 0.0000121 seconds
2019-05-27T17:19:35.620+0600: 149.539: Total time for which application threads were stopped: 0.0000308 seconds, Stopping threads took: 0.0000061 seconds
2019-05-27T17:19:35.620+0600: 149.539: Total time for which application threads were stopped: 0.0000341 seconds, Stopping threads took: 0.0000070 seconds
2019-05-27T17:19:35.621+0600: 149.540: Total time for which application threads were stopped: 0.0001045 seconds, Stopping threads took: 0.0000070 seconds
2019-05-27T17:19:35.626+0600: 149.545: Total time for which application threads were stopped: 0.0002547 seconds, Stopping threads took: 0.0000103 seconds
2019-05-27T17:19:35.627+0600: 149.546: Total time for which application threads were stopped: 0.0000489 seconds, Stopping threads took: 0.0000165 seconds
2019-05-27T17:19:35.629+0600: 149.548: Total time for which application threads were stopped: 0.0000351 seconds, Stopping threads took: 0.0000075 seconds
2019-05-27T17:19:35.629+0600: 149.549: Total time for which application threads were stopped: 0.0000306 seconds, Stopping threads took: 0.0000060 seconds
2019-05-27T17:19:35.638+0600: 149.557: Total time for which application threads were stopped: 0.0000447 seconds, Stopping threads took: 0.0000101 seconds
2019-05-27T17:19:35.638+0600: 149.557: Total time for which application threads were stopped: 0.0000314 seconds, Stopping threads took: 0.0000062 seconds
2019-05-27T17:19:35.640+0600: 149.559: Total time for which application threads were stopped: 0.0000457 seconds, Stopping threads took: 0.0000176 seconds
2019-05-27T17:19:35.640+0600: 149.559: Total time for which application threads were stopped: 0.0000297 seconds, Stopping threads took: 0.0000065 seconds
2019-05-27T17:19:35.647+0600: 149.567: Total time for which application threads were stopped: 0.0000457 seconds, Stopping threads took: 0.0000105 seconds
2019-05-27T17:19:35.647+0600: 149.567: Total time for which application threads were stopped: 0.0000335 seconds, Stopping threads took: 0.0000072 seconds
2019-05-27T17:19:35.680+0600: 149.599: Total time for which application threads were stopped: 0.0000509 seconds, Stopping threads took: 0.0000130 seconds
2019-05-27T17:19:35.680+0600: 149.599: Total time for which application threads were stopped: 0.0000459 seconds, Stopping threads took: 0.0000179 seconds
2019-05-27T17:19:35.683+0600: 149.603: Total time for which application threads were stopped: 0.0001156 seconds, Stopping threads took: 0.0000076 seconds
2019-05-27T17:19:35.683+0600: 149.603: Total time for which application threads were stopped: 0.0000293 seconds, Stopping threads took: 0.0000062 seconds
2019-05-27T17:19:35.715+0600: 149.634: Total time for which application threads were stopped: 0.0000599 seconds, Stopping threads took: 0.0000115 seconds
2019-05-27T17:19:35.716+0600: 149.635: Total time for which application threads were stopped: 0.0000383 seconds, Stopping threads took: 0.0000074 seconds
{Heap before GC invocations=4 (full 1):
 par new generation   total 109248K, used 102084K [0x00000007a0000000, 0x00000007a8000000, 0x00000007a8000000)
  eden space 87424K, 100% used [0x00000007a0000000, 0x00000007a5560000, 0x00000007a5560000)
  from space 21824K,  67% used [0x00000007a5560000, 0x00000007a63b1260, 0x00000007a6ab0000)
  to   space 21824K,   0% used [0x00000007a6ab0000, 0x00000007a6ab0000, 0x00000007a8000000)
 concurrent mark-sweep generation total 393216K, used 0K [0x00000007a8000000, 0x00000007c0000000, 0x00000007c0000000)
 Metaspace       used 31800K, capacity 32626K, committed 32920K, reserved 1077248K
  class space    used 3948K, capacity 4171K, committed 4248K, reserved 1048576K
2019-05-27T17:19:35.722+0600: 149.641: [GC (Allocation Failure) 2019-05-27T17:19:35.722+0600: 149.641: [ParNew
Desired survivor size 20112992 bytes, new threshold 8 (max 8)
- age   1:    6418016 bytes,    6418016 total
- age   2:    3094088 bytes,    9512104 total
- age   4:    1547752 bytes,   11059856 total
- age   5:    4232976 bytes,   15292832 total
: 102084K->20641K(109248K), 0.0078072 secs] 102084K->20641K(502464K), 0.0078853 secs] [Times: user=0.02 sys=0.01, real=0.01 secs] 
Heap after GC invocations=5 (full 1):
 par new generation   total 109248K, used 20641K [0x00000007a0000000, 0x00000007a8000000, 0x00000007a8000000)
  eden space 87424K,   0% used [0x00000007a0000000, 0x00000007a0000000, 0x00000007a5560000)
  from space 21824K,  94% used [0x00000007a6ab0000, 0x00000007a7ed8680, 0x00000007a8000000)
  to   space 21824K,   0% used [0x00000007a5560000, 0x00000007a5560000, 0x00000007a6ab0000)
 concurrent mark-sweep generation total 393216K, used 0K [0x00000007a8000000, 0x00000007c0000000, 0x00000007c0000000)
 Metaspace       used 31800K, capacity 32626K, committed 32920K, reserved 1077248K
  class space    used 3948K, capacity 4171K, committed 4248K, reserved 1048576K
}
2019-05-27T17:19:35.730+0600: 149.649: Total time for which application threads were stopped: 0.0080012 seconds, Stopping threads took: 0.0000090 seconds
2019-05-27T17:19:35.730+0600: 149.649: Total time for which application threads were stopped: 0.0000577 seconds, Stopping threads took: 0.0000203 seconds
2019-05-27T17:19:35.730+0600: 149.649: Total time for which application threads were stopped: 0.0000513 seconds, Stopping threads took: 0.0000202 seconds
2019-05-27T17:19:35.730+0600: 149.650: Total time for which application threads were stopped: 0.0000652 seconds, Stopping threads took: 0.0000169 seconds
2019-05-27T17:19:35.730+0600: 149.650: Total time for which application threads were stopped: 0.0000604 seconds, Stopping threads took: 0.0000171 seconds
2019-05-27T17:19:35.731+0600: 149.650: Total time for which application threads were stopped: 0.0000508 seconds, Stopping threads took: 0.0000084 seconds
2019-05-27T17:19:35.731+0600: 149.651: Total time for which application threads were stopped: 0.0000635 seconds, Stopping threads took: 0.0000170 seconds
2019-05-27T17:19:35.731+0600: 149.651: Total time for which application threads were stopped: 0.0001061 seconds, Stopping threads took: 0.0000064 seconds
2019-05-27T17:19:35.732+0600: 149.651: Total time for which application threads were stopped: 0.0000618 seconds, Stopping threads took: 0.0000180 seconds
2019-05-27T17:19:35.732+0600: 149.651: Total time for which application threads were stopped: 0.0000656 seconds, Stopping threads took: 0.0000226 seconds
2019-05-27T17:19:35.732+0600: 149.651: Total time for which application threads were stopped: 0.0000647 seconds, Stopping threads took: 0.0000217 seconds
2019-05-27T17:19:35.732+0600: 149.651: Total time for which application threads were stopped: 0.0000407 seconds, Stopping threads took: 0.0000155 seconds
2019-05-27T17:19:35.732+0600: 149.651: Total time for which application threads were stopped: 0.0000568 seconds, Stopping threads took: 0.0000189 seconds
2019-05-27T17:19:35.732+0600: 149.651: Total time for which application threads were stopped: 0.0000407 seconds, Stopping threads took: 0.0000159 seconds
2019-05-27T17:19:35.732+0600: 149.652: Total time for which application threads were stopped: 0.0000560 seconds, Stopping threads took: 0.0000187 seconds
2019-05-27T17:19:35.778+0600: 149.697: Total time for which application threads were stopped: 0.0003805 seconds, Stopping threads took: 0.0000133 seconds
2019-05-27T17:19:35.789+0600: 149.709: Total time for which application threads were stopped: 0.0003229 seconds, Stopping threads took: 0.0000279 seconds
2019-05-27T17:19:35.839+0600: 149.758: Total time for which application threads were stopped: 0.0000804 seconds, Stopping threads took: 0.0000114 seconds
2019-05-27T17:19:35.843+0600: 149.762: Total time for which application threads were stopped: 0.0000498 seconds, Stopping threads took: 0.0000088 seconds
{Heap before GC invocations=5 (full 1):
 par new generation   total 109248K, used 108065K [0x00000007a0000000, 0x00000007a8000000, 0x00000007a8000000)
  eden space 87424K, 100% used [0x00000007a0000000, 0x00000007a5560000, 0x00000007a5560000)
  from space 21824K,  94% used [0x00000007a6ab0000, 0x00000007a7ed8680, 0x00000007a8000000)
  to   space 21824K,   0% used [0x00000007a5560000, 0x00000007a5560000, 0x00000007a6ab0000)
 concurrent mark-sweep generation total 393216K, used 0K [0x00000007a8000000, 0x00000007c0000000, 0x00000007c0000000)
 Metaspace       used 33112K, capacity 33996K, committed 34328K, reserved 1079296K
  class space    used 4102K, capacity 4314K, committed 4376K, reserved 1048576K
2019-05-27T17:19:35.886+0600: 149.805: [GC (Allocation Failure) 2019-05-27T17:19:35.886+0600: 149.805: [ParNew
Desired survivor size 20112992 bytes, new threshold 8 (max 8)
- age   1:    2274528 bytes,    2274528 total
- age   2:    2069304 bytes,    4343832 total
- age   3:    3081104 bytes,    7424936 total
- age   5:    1546424 bytes,    8971360 total
- age   6:    4231688 bytes,   13203048 total
: 108065K->18405K(109248K), 0.0077499 secs] 108065K->18405K(502464K), 0.0078253 secs] [Times: user=0.03 sys=0.00, real=0.01 secs] 
Heap after GC invocations=6 (full 1):
 par new generation   total 109248K, used 18405K [0x00000007a0000000, 0x00000007a8000000, 0x00000007a8000000)
  eden space 87424K,   0% used [0x00000007a0000000, 0x00000007a0000000, 0x00000007a5560000)
  from space 21824K,  84% used [0x00000007a5560000, 0x00000007a6759760, 0x00000007a6ab0000)
  to   space 21824K,   0% used [0x00000007a6ab0000, 0x00000007a6ab0000, 0x00000007a8000000)
 concurrent mark-sweep generation total 393216K, used 0K [0x00000007a8000000, 0x00000007c0000000, 0x00000007c0000000)
 Metaspace       used 33112K, capacity 33996K, committed 34328K, reserved 1079296K
  class space    used 4102K, capacity 4314K, committed 4376K, reserved 1048576K
}
2019-05-27T17:19:35.894+0600: 149.813: Total time for which application threads were stopped: 0.0079645 seconds, Stopping threads took: 0.0000119 seconds
2019-05-27T17:19:35.894+0600: 149.813: Total time for which application threads were stopped: 0.0001086 seconds, Stopping threads took: 0.0000612 seconds
2019-05-27T17:19:35.894+0600: 149.813: Total time for which application threads were stopped: 0.0000374 seconds, Stopping threads took: 0.0000067 seconds
2019-05-27T17:19:35.894+0600: 149.814: Total time for which application threads were stopped: 0.0000814 seconds, Stopping threads took: 0.0000459 seconds
2019-05-27T17:19:35.894+0600: 149.814: Total time for which application threads were stopped: 0.0000998 seconds, Stopping threads took: 0.0000277 seconds
2019-05-27T17:19:35.895+0600: 149.814: Total time for which application threads were stopped: 0.0000689 seconds, Stopping threads took: 0.0000127 seconds
2019-05-27T17:19:35.895+0600: 149.814: Total time for which application threads were stopped: 0.0001167 seconds, Stopping threads took: 0.0000128 seconds
2019-05-27T17:19:35.895+0600: 149.814: Total time for which application threads were stopped: 0.0000423 seconds, Stopping threads took: 0.0000119 seconds
2019-05-27T17:19:35.895+0600: 149.814: Total time for which application threads were stopped: 0.0000673 seconds, Stopping threads took: 0.0000117 seconds
2019-05-27T17:19:35.895+0600: 149.814: Total time for which application threads were stopped: 0.0000400 seconds, Stopping threads took: 0.0000125 seconds
2019-05-27T17:19:35.895+0600: 149.814: Total time for which application threads were stopped: 0.0000424 seconds, Stopping threads took: 0.0000127 seconds
2019-05-27T17:19:35.921+0600: 149.840: Total time for which application threads were stopped: 0.0001505 seconds, Stopping threads took: 0.0000221 seconds
{Heap before GC invocations=6 (full 1):
 par new generation   total 109248K, used 105829K [0x00000007a0000000, 0x00000007a8000000, 0x00000007a8000000)
  eden space 87424K, 100% used [0x00000007a0000000, 0x00000007a5560000, 0x00000007a5560000)
  from space 21824K,  84% used [0x00000007a5560000, 0x00000007a6759760, 0x00000007a6ab0000)
  to   space 21824K,   0% used [0x00000007a6ab0000, 0x00000007a6ab0000, 0x00000007a8000000)
 concurrent mark-sweep generation total 393216K, used 0K [0x00000007a8000000, 0x00000007c0000000, 0x00000007c0000000)
 Metaspace       used 33422K, capacity 34370K, committed 34712K, reserved 1079296K
  class space    used 4135K, capacity 4389K, committed 4504K, reserved 1048576K
2019-05-27T17:19:35.970+0600: 149.889: [GC (Allocation Failure) 2019-05-27T17:19:35.970+0600: 149.889: [ParNew
Desired survivor size 20112992 bytes, new threshold 8 (max 8)
- age   1:     430288 bytes,     430288 total
- age   2:    1261496 bytes,    1691784 total
- age   3:    2064200 bytes,    3755984 total
- age   4:    3081032 bytes,    6837016 total
- age   6:    1545688 bytes,    8382704 total
- age   7:    4231440 bytes,   12614144 total
: 105829K->15479K(109248K), 0.0071954 secs] 105829K->15479K(502464K), 0.0073766 secs] [Times: user=0.02 sys=0.00, real=0.00 secs] 
Heap after GC invocations=7 (full 1):
 par new generation   total 109248K, used 15479K [0x00000007a0000000, 0x00000007a8000000, 0x00000007a8000000)
  eden space 87424K,   0% used [0x00000007a0000000, 0x00000007a0000000, 0x00000007a5560000)
  from space 21824K,  70% used [0x00000007a6ab0000, 0x00000007a79cdce8, 0x00000007a8000000)
  to   space 21824K,   0% used [0x00000007a5560000, 0x00000007a5560000, 0x00000007a6ab0000)
 concurrent mark-sweep generation total 393216K, used 0K [0x00000007a8000000, 0x00000007c0000000, 0x00000007c0000000)
 Metaspace       used 33422K, capacity 34370K, committed 34712K, reserved 1079296K
  class space    used 4135K, capacity 4389K, committed 4504K, reserved 1048576K
}
2019-05-27T17:19:35.977+0600: 149.897: Total time for which application threads were stopped: 0.0076205 seconds, Stopping threads took: 0.0000129 seconds
2019-05-27T17:19:35.978+0600: 149.897: Total time for which application threads were stopped: 0.0001000 seconds, Stopping threads took: 0.0000437 seconds
2019-05-27T17:19:35.978+0600: 149.897: Total time for which application threads were stopped: 0.0000804 seconds, Stopping threads took: 0.0000215 seconds
2019-05-27T17:19:35.987+0600: 149.906: Total time for which application threads were stopped: 0.0000451 seconds, Stopping threads took: 0.0000114 seconds
2019-05-27T17:19:35.988+0600: 149.907: Total time for which application threads were stopped: 0.0002388 seconds, Stopping threads took: 0.0000060 seconds
2019-05-27T17:19:35.990+0600: 149.909: Total time for which application threads were stopped: 0.0000445 seconds, Stopping threads took: 0.0000065 seconds
2019-05-27T17:19:35.992+0600: 149.912: Total time for which application threads were stopped: 0.0000339 seconds, Stopping threads took: 0.0000069 seconds
2019-05-27T17:19:35.993+0600: 149.912: Total time for which application threads were stopped: 0.0000902 seconds, Stopping threads took: 0.0000073 seconds
2019-05-27T17:19:36.189+0600: 150.108: Total time for which application threads were stopped: 0.0003678 seconds, Stopping threads took: 0.0000117 seconds
2019-05-27T17:19:36.234+0600: 150.153: Total time for which application threads were stopped: 0.0000955 seconds, Stopping threads took: 0.0000444 seconds
2019-05-27T17:19:36.237+0600: 150.157: Total time for which application threads were stopped: 0.0000855 seconds, Stopping threads took: 0.0000298 seconds
2019-05-27T17:19:36.240+0600: 150.159: Total time for which application threads were stopped: 0.0000486 seconds, Stopping threads took: 0.0000082 seconds
2019-05-27T17:19:36.240+0600: 150.160: Total time for which application threads were stopped: 0.0000419 seconds, Stopping threads took: 0.0000067 seconds
2019-05-27T17:19:36.264+0600: 150.184: Total time for which application threads were stopped: 0.0000855 seconds, Stopping threads took: 0.0000120 seconds
2019-05-27T17:19:36.295+0600: 150.214: Total time for which application threads were stopped: 0.0000510 seconds, Stopping threads took: 0.0000131 seconds
2019-05-27T17:19:36.295+0600: 150.214: Total time for which application threads were stopped: 0.0000299 seconds, Stopping threads took: 0.0000073 seconds
2019-05-27T17:19:36.295+0600: 150.214: Total time for which application threads were stopped: 0.0000413 seconds, Stopping threads took: 0.0000183 seconds
2019-05-27T17:19:36.300+0600: 150.220: Total time for which application threads were stopped: 0.0000447 seconds, Stopping threads took: 0.0000130 seconds
2019-05-27T17:19:36.312+0600: 150.231: Total time for which application threads were stopped: 0.0000551 seconds, Stopping threads took: 0.0000139 seconds
2019-05-27T17:19:36.312+0600: 150.231: Total time for which application threads were stopped: 0.0000315 seconds, Stopping threads took: 0.0000083 seconds
2019-05-27T17:19:36.312+0600: 150.231: Total time for which application threads were stopped: 0.0000293 seconds, Stopping threads took: 0.0000072 seconds
2019-05-27T17:19:36.315+0600: 150.234: Total time for which application threads were stopped: 0.0000426 seconds, Stopping threads took: 0.0000117 seconds
2019-05-27T17:19:36.315+0600: 150.234: Total time for which application threads were stopped: 0.0000676 seconds, Stopping threads took: 0.0000086 seconds
2019-05-27T17:19:36.337+0600: 150.257: Total time for which application threads were stopped: 0.0000792 seconds, Stopping threads took: 0.0000125 seconds
{Heap before GC invocations=7 (full 1):
 par new generation   total 109248K, used 102903K [0x00000007a0000000, 0x00000007a8000000, 0x00000007a8000000)
  eden space 87424K, 100% used [0x00000007a0000000, 0x00000007a5560000, 0x00000007a5560000)
  from space 21824K,  70% used [0x00000007a6ab0000, 0x00000007a79cdce8, 0x00000007a8000000)
  to   space 21824K,   0% used [0x00000007a5560000, 0x00000007a5560000, 0x00000007a6ab0000)
 concurrent mark-sweep generation total 393216K, used 0K [0x00000007a8000000, 0x00000007c0000000, 0x00000007c0000000)
 Metaspace       used 36890K, capacity 37802K, committed 37964K, reserved 1083392K
  class space    used 4489K, capacity 4733K, committed 4760K, reserved 1048576K
2019-05-27T17:19:36.352+0600: 150.271: [GC (Allocation Failure) 2019-05-27T17:19:36.352+0600: 150.272: [ParNew
Desired survivor size 20112992 bytes, new threshold 8 (max 8)
- age   1:    6756608 bytes,    6756608 total
- age   2:     171584 bytes,    6928192 total
- age   3:     361688 bytes,    7289880 total
- age   4:    2056536 bytes,    9346416 total
- age   5:    3067384 bytes,   12413800 total
- age   7:    1541920 bytes,   13955720 total
- age   8:    4184672 bytes,   18140392 total
: 102903K->21824K(109248K), 0.0089000 secs] 102903K->22311K(502464K), 0.0089626 secs] [Times: user=0.03 sys=0.01, real=0.01 secs] 
Heap after GC invocations=8 (full 1):
 par new generation   total 109248K, used 21824K [0x00000007a0000000, 0x00000007a8000000, 0x00000007a8000000)
  eden space 87424K,   0% used [0x00000007a0000000, 0x00000007a0000000, 0x00000007a5560000)
  from space 21824K, 100% used [0x00000007a5560000, 0x00000007a6ab0000, 0x00000007a6ab0000)
  to   space 21824K,   0% used [0x00000007a6ab0000, 0x00000007a6ab0000, 0x00000007a8000000)
 concurrent mark-sweep generation total 393216K, used 487K [0x00000007a8000000, 0x00000007c0000000, 0x00000007c0000000)
 Metaspace       used 36890K, capacity 37802K, committed 37964K, reserved 1083392K
  class space    used 4489K, capacity 4733K, committed 4760K, reserved 1048576K
}
2019-05-27T17:19:36.361+0600: 150.280: Total time for which application threads were stopped: 0.0090798 seconds, Stopping threads took: 0.0000115 seconds
2019-05-27T17:19:36.361+0600: 150.281: [GC (CMS Initial Mark) [1 CMS-initial-mark: 487K(393216K)] 23900K(502464K), 0.0026491 secs] [Times: user=0.01 sys=0.00, real=0.00 secs] 
2019-05-27T17:19:36.364+0600: 150.283: Total time for which application threads were stopped: 0.0027688 seconds, Stopping threads took: 0.0000347 seconds
2019-05-27T17:19:36.364+0600: 150.283: [CMS-concurrent-mark-start]
2019-05-27T17:19:36.364+0600: 150.284: [CMS-concurrent-mark: 0.000/0.000 secs] [Times: user=0.00 sys=0.00, real=0.00 secs] 
2019-05-27T17:19:36.364+0600: 150.284: [CMS-concurrent-preclean-start]
2019-05-27T17:19:36.365+0600: 150.284: Total time for which application threads were stopped: 0.0004434 seconds, Stopping threads took: 0.0003906 seconds
2019-05-27T17:19:36.366+0600: 150.285: [CMS-concurrent-preclean: 0.001/0.001 secs] [Times: user=0.00 sys=0.00, real=0.00 secs] 
2019-05-27T17:19:36.366+0600: 150.285: [GC (CMS Final Remark) [YG occupancy: 23412 K (109248 K)]{Heap before GC invocations=8 (full 2):
 par new generation   total 109248K, used 23412K [0x00000007a0000000, 0x00000007a8000000, 0x00000007a8000000)
  eden space 87424K,   1% used [0x00000007a0000000, 0x00000007a018d3f8, 0x00000007a5560000)
  from space 21824K, 100% used [0x00000007a5560000, 0x00000007a6ab0000, 0x00000007a6ab0000)
  to   space 21824K,   0% used [0x00000007a6ab0000, 0x00000007a6ab0000, 0x00000007a8000000)
 concurrent mark-sweep generation total 393216K, used 487K [0x00000007a8000000, 0x00000007c0000000, 0x00000007c0000000)
 Metaspace       used 36919K, capacity 37802K, committed 37964K, reserved 1083392K
  class space    used 4490K, capacity 4733K, committed 4760K, reserved 1048576K
2019-05-27T17:19:36.366+0600: 150.285: [GC (CMS Final Remark) 2019-05-27T17:19:36.366+0600: 150.285: [ParNew
Desired survivor size 20112992 bytes, new threshold 8 (max 8)
- age   1:      28888 bytes,      28888 total
- age   2:    4923680 bytes,    4952568 total
- age   3:     171584 bytes,    5124152 total
- age   4:     361832 bytes,    5485984 total
- age   5:    2057160 bytes,    7543144 total
- age   6:    3067352 bytes,   10610496 total
- age   8:    1541920 bytes,   12152416 total
: 23412K->16025K(109248K), 0.0142834 secs] 23900K->21091K(502464K), 0.0143259 secs] [Times: user=0.04 sys=0.00, real=0.02 secs] 
Heap after GC invocations=9 (full 2):
 par new generation   total 109248K, used 16025K [0x00000007a0000000, 0x00000007a8000000, 0x00000007a8000000)
  eden space 87424K,   0% used [0x00000007a0000000, 0x00000007a0000000, 0x00000007a5560000)
  from space 21824K,  73% used [0x00000007a6ab0000, 0x00000007a7a566c0, 0x00000007a8000000)
  to   space 21824K,   0% used [0x00000007a5560000, 0x00000007a5560000, 0x00000007a6ab0000)
 concurrent mark-sweep generation total 393216K, used 5065K [0x00000007a8000000, 0x00000007c0000000, 0x00000007c0000000)
 Metaspace       used 36919K, capacity 37802K, committed 37964K, reserved 1083392K
  class space    used 4490K, capacity 4733K, committed 4760K, reserved 1048576K
}
2019-05-27T17:19:36.380+0600: 150.299: [Rescan (parallel) , 0.0026508 secs]2019-05-27T17:19:36.383+0600: 150.302: [weak refs processing, 0.0009299 secs]2019-05-27T17:19:36.384+0600: 150.303: [class unloading, 0.0043858 secs]2019-05-27T17:19:36.388+0600: 150.307: [scrub symbol table, 0.0037587 secs]2019-05-27T17:19:36.392+0600: 150.311: [scrub string table, 0.0006190 secs][1 CMS-remark: 5065K(393216K)] 21091K(502464K), 0.0281133 secs] [Times: user=0.06 sys=0.00, real=0.03 secs] 
2019-05-27T17:19:36.394+0600: 150.313: Total time for which application threads were stopped: 0.0282685 seconds, Stopping threads took: 0.0000846 seconds
2019-05-27T17:19:36.394+0600: 150.313: [CMS-concurrent-sweep-start]
2019-05-27T17:19:36.394+0600: 150.313: Total time for which application threads were stopped: 0.0000758 seconds, Stopping threads took: 0.0000122 seconds
2019-05-27T17:19:36.396+0600: 150.316: [CMS-concurrent-sweep: 0.002/0.002 secs] [Times: user=0.01 sys=0.00, real=0.00 secs] 
2019-05-27T17:19:36.396+0600: 150.316: [CMS-concurrent-reset-start]
2019-05-27T17:19:36.397+0600: 150.316: [CMS-concurrent-reset: 0.001/0.001 secs] [Times: user=0.00 sys=0.00, real=0.00 secs] 
2019-05-27T17:19:36.416+0600: 150.335: Total time for which application threads were stopped: 0.0001030 seconds, Stopping threads took: 0.0000335 seconds
2019-05-27T17:19:36.417+0600: 150.336: Total time for which application threads were stopped: 0.0002517 seconds, Stopping threads took: 0.0001952 seconds
2019-05-27T17:19:36.417+0600: 150.336: Total time for which application threads were stopped: 0.0001081 seconds, Stopping threads took: 0.0000076 seconds
2019-05-27T17:19:36.466+0600: 150.385: Total time for which application threads were stopped: 0.0001065 seconds, Stopping threads took: 0.0000130 seconds
2019-05-27T17:19:36.493+0600: 150.412: Total time for which application threads were stopped: 0.0000867 seconds, Stopping threads took: 0.0000135 seconds
2019-05-27T17:19:37.497+0600: 151.416: Total time for which application threads were stopped: 0.0002030 seconds, Stopping threads took: 0.0000338 seconds
2019-05-27T17:19:41.540+0600: 155.459: Total time for which application threads were stopped: 0.0000627 seconds, Stopping threads took: 0.0000167 seconds
{Heap before GC invocations=9 (full 2):
 par new generation   total 109248K, used 103449K [0x00000007a0000000, 0x00000007a8000000, 0x00000007a8000000)
  eden space 87424K, 100% used [0x00000007a0000000, 0x00000007a5560000, 0x00000007a5560000)
  from space 21824K,  73% used [0x00000007a6ab0000, 0x00000007a7a566c0, 0x00000007a8000000)
  to   space 21824K,   0% used [0x00000007a5560000, 0x00000007a5560000, 0x00000007a6ab0000)
 concurrent mark-sweep generation total 393216K, used 5065K [0x00000007a8000000, 0x00000007c0000000, 0x00000007c0000000)
 Metaspace       used 39738K, capacity 40766K, committed 41112K, reserved 1085440K
  class space    used 4907K, capacity 5171K, committed 5272K, reserved 1048576K
2019-05-27T17:19:41.624+0600: 155.543: [GC (Allocation Failure) 2019-05-27T17:19:41.624+0600: 155.543: [ParNew
Desired survivor size 20112992 bytes, new threshold 8 (max 8)
- age   1:    4130704 bytes,    4130704 total
- age   2:        720 bytes,    4131424 total
- age   3:    4907312 bytes,    9038736 total
- age   4:     171168 bytes,    9209904 total
- age   5:     358344 bytes,    9568248 total
- age   6:    2021568 bytes,   11589816 total
- age   7:    3062136 bytes,   14651952 total
: 103449K->19026K(109248K), 0.0075094 secs] 108515K->25589K(502464K), 0.0075790 secs] [Times: user=0.03 sys=0.00, real=0.01 secs] 
Heap after GC invocations=10 (full 2):
 par new generation   total 109248K, used 19026K [0x00000007a0000000, 0x00000007a8000000, 0x00000007a8000000)
  eden space 87424K,   0% used [0x00000007a0000000, 0x00000007a0000000, 0x00000007a5560000)
  from space 21824K,  87% used [0x00000007a5560000, 0x00000007a67f4ad0, 0x00000007a6ab0000)
  to   space 21824K,   0% used [0x00000007a6ab0000, 0x00000007a6ab0000, 0x00000007a8000000)
 concurrent mark-sweep generation total 393216K, used 6563K [0x00000007a8000000, 0x00000007c0000000, 0x00000007c0000000)
 Metaspace       used 39738K, capacity 40766K, committed 41112K, reserved 1085440K
  class space    used 4907K, capacity 5171K, committed 5272K, reserved 1048576K
}
2019-05-27T17:19:41.632+0600: 155.551: Total time for which application threads were stopped: 0.0077121 seconds, Stopping threads took: 0.0000135 seconds
2019-05-27T17:19:41.632+0600: 155.551: Total time for which application threads were stopped: 0.0002170 seconds, Stopping threads took: 0.0001532 seconds
2019-05-27T17:19:41.632+0600: 155.552: Total time for which application threads were stopped: 0.0000568 seconds, Stopping threads took: 0.0000100 seconds
2019-05-27T17:19:41.657+0600: 155.576: Total time for which application threads were stopped: 0.0000561 seconds, Stopping threads took: 0.0000139 seconds
2019-05-27T17:19:41.662+0600: 155.581: Total time for which application threads were stopped: 0.0002961 seconds, Stopping threads took: 0.0002339 seconds
2019-05-27T17:19:41.672+0600: 155.591: Total time for which application threads were stopped: 0.0000787 seconds, Stopping threads took: 0.0000164 seconds
2019-05-27T17:19:41.703+0600: 155.623: Total time for which application threads were stopped: 0.0000570 seconds, Stopping threads took: 0.0000187 seconds
2019-05-27T17:19:41.744+0600: 155.663: Total time for which application threads were stopped: 0.0000982 seconds, Stopping threads took: 0.0000167 seconds
2019-05-27T17:19:41.744+0600: 155.663: Total time for which application threads were stopped: 0.0001032 seconds, Stopping threads took: 0.0000244 seconds
2019-05-27T17:19:41.744+0600: 155.664: Total time for which application threads were stopped: 0.0000539 seconds, Stopping threads took: 0.0000094 seconds
2019-05-27T17:19:41.745+0600: 155.664: Total time for which application threads were stopped: 0.0000629 seconds, Stopping threads took: 0.0000180 seconds
2019-05-27T17:19:41.746+0600: 155.665: Total time for which application threads were stopped: 0.0000505 seconds, Stopping threads took: 0.0000105 seconds
2019-05-27T17:19:41.747+0600: 155.666: Total time for which application threads were stopped: 0.0000441 seconds, Stopping threads took: 0.0000087 seconds
2019-05-27T17:19:41.748+0600: 155.667: Total time for which application threads were stopped: 0.0000412 seconds, Stopping threads took: 0.0000096 seconds
2019-05-27T17:19:41.749+0600: 155.668: Total time for which application threads were stopped: 0.0000748 seconds, Stopping threads took: 0.0000287 seconds
2019-05-27T17:19:41.749+0600: 155.668: Total time for which application threads were stopped: 0.0000607 seconds, Stopping threads took: 0.0000228 seconds
2019-05-27T17:19:41.750+0600: 155.669: Total time for which application threads were stopped: 0.0000650 seconds, Stopping threads took: 0.0000315 seconds
2019-05-27T17:19:41.751+0600: 155.670: Total time for which application threads were stopped: 0.0000522 seconds, Stopping threads took: 0.0000108 seconds
2019-05-27T17:19:41.754+0600: 155.673: Total time for which application threads were stopped: 0.0009304 seconds, Stopping threads took: 0.0008832 seconds
2019-05-27T17:19:41.755+0600: 155.674: Total time for which application threads were stopped: 0.0000620 seconds, Stopping threads took: 0.0000116 seconds
2019-05-27T17:19:41.755+0600: 155.674: Total time for which application threads were stopped: 0.0001666 seconds, Stopping threads took: 0.0000312 seconds
2019-05-27T17:19:41.756+0600: 155.675: Total time for which application threads were stopped: 0.0000742 seconds, Stopping threads took: 0.0000103 seconds
2019-05-27T17:19:41.758+0600: 155.677: Total time for which application threads were stopped: 0.0000957 seconds, Stopping threads took: 0.0000412 seconds
2019-05-27T17:19:41.759+0600: 155.678: Total time for which application threads were stopped: 0.0000987 seconds, Stopping threads took: 0.0000428 seconds
2019-05-27T17:19:41.760+0600: 155.679: Total time for which application threads were stopped: 0.0000822 seconds, Stopping threads took: 0.0000309 seconds
2019-05-27T17:19:41.762+0600: 155.681: Total time for which application threads were stopped: 0.0000782 seconds, Stopping threads took: 0.0000308 seconds
2019-05-27T17:19:41.763+0600: 155.682: Total time for which application threads were stopped: 0.0000779 seconds, Stopping threads took: 0.0000339 seconds
2019-05-27T17:19:41.766+0600: 155.685: Total time for which application threads were stopped: 0.0001112 seconds, Stopping threads took: 0.0000328 seconds
2019-05-27T17:19:41.767+0600: 155.686: Total time for which application threads were stopped: 0.0000698 seconds, Stopping threads took: 0.0000286 seconds
2019-05-27T17:19:41.768+0600: 155.687: Total time for which application threads were stopped: 0.0000621 seconds, Stopping threads took: 0.0000226 seconds
2019-05-27T17:19:41.768+0600: 155.687: Total time for which application threads were stopped: 0.0000475 seconds, Stopping threads took: 0.0000093 seconds
2019-05-27T17:19:41.768+0600: 155.688: Total time for which application threads were stopped: 0.0001218 seconds, Stopping threads took: 0.0000095 seconds
2019-05-27T17:19:41.774+0600: 155.693: Total time for which application threads were stopped: 0.0000934 seconds, Stopping threads took: 0.0000428 seconds
2019-05-27T17:19:41.775+0600: 155.694: Total time for which application threads were stopped: 0.0000455 seconds, Stopping threads took: 0.0000088 seconds
2019-05-27T17:19:41.787+0600: 155.707: Total time for which application threads were stopped: 0.0000549 seconds, Stopping threads took: 0.0000125 seconds
2019-05-27T17:19:41.844+0600: 155.763: Total time for which application threads were stopped: 0.0000980 seconds, Stopping threads took: 0.0000130 seconds
2019-05-27T17:19:41.854+0600: 155.773: Total time for which application threads were stopped: 0.0000659 seconds, Stopping threads took: 0.0000145 seconds
2019-05-27T17:19:41.855+0600: 155.774: Total time for which application threads were stopped: 0.0000730 seconds, Stopping threads took: 0.0000289 seconds
2019-05-27T17:19:41.859+0600: 155.778: Total time for which application threads were stopped: 0.0000579 seconds, Stopping threads took: 0.0000097 seconds
2019-05-27T17:19:41.872+0600: 155.791: Total time for which application threads were stopped: 0.0000560 seconds, Stopping threads took: 0.0000130 seconds
2019-05-27T17:19:41.878+0600: 155.797: Total time for which application threads were stopped: 0.0003673 seconds, Stopping threads took: 0.0000093 seconds
2019-05-27T17:19:41.892+0600: 155.811: Total time for which application threads were stopped: 0.0000731 seconds, Stopping threads took: 0.0000143 seconds
2019-05-27T17:19:41.893+0600: 155.812: Total time for which application threads were stopped: 0.0000646 seconds, Stopping threads took: 0.0000267 seconds
2019-05-27T17:19:41.893+0600: 155.812: Total time for which application threads were stopped: 0.0000528 seconds, Stopping threads took: 0.0000206 seconds
2019-05-27T17:19:41.893+0600: 155.812: Total time for which application threads were stopped: 0.0000323 seconds, Stopping threads took: 0.0000074 seconds
2019-05-27T17:19:41.893+0600: 155.812: Total time for which application threads were stopped: 0.0000375 seconds, Stopping threads took: 0.0000081 seconds
2019-05-27T17:19:41.893+0600: 155.812: Total time for which application threads were stopped: 0.0000482 seconds, Stopping threads took: 0.0000173 seconds
2019-05-27T17:19:41.894+0600: 155.813: Total time for which application threads were stopped: 0.0000502 seconds, Stopping threads took: 0.0000192 seconds
2019-05-27T17:19:41.894+0600: 155.813: Total time for which application threads were stopped: 0.0000500 seconds, Stopping threads took: 0.0000183 seconds
{Heap before GC invocations=10 (full 2):
 par new generation   total 109248K, used 106450K [0x00000007a0000000, 0x00000007a8000000, 0x00000007a8000000)
  eden space 87424K, 100% used [0x00000007a0000000, 0x00000007a5560000, 0x00000007a5560000)
  from space 21824K,  87% used [0x00000007a5560000, 0x00000007a67f4ad0, 0x00000007a6ab0000)
  to   space 21824K,   0% used [0x00000007a6ab0000, 0x00000007a6ab0000, 0x00000007a8000000)
 concurrent mark-sweep generation total 393216K, used 6563K [0x00000007a8000000, 0x00000007c0000000, 0x00000007c0000000)
 Metaspace       used 42719K, capacity 43936K, committed 44056K, reserved 1087488K
  class space    used 5272K, capacity 5548K, committed 5656K, reserved 1048576K
2019-05-27T17:19:42.009+0600: 155.928: [GC (Allocation Failure) 2019-05-27T17:19:42.009+0600: 155.928: [ParNew
Desired survivor size 20112992 bytes, new threshold 8 (max 8)
- age   1:   10792248 bytes,   10792248 total
- age   2:     838936 bytes,   11631184 total
- age   3:        624 bytes,   11631808 total
- age   4:    4901776 bytes,   16533584 total
- age   5:     171168 bytes,   16704752 total
- age   6:     343960 bytes,   17048712 total
- age   7:    1991592 bytes,   19040304 total
- age   8:    3061688 bytes,   22101992 total
: 106450K->21824K(109248K), 0.0127446 secs] 113013K->28980K(502464K), 0.0128201 secs] [Times: user=0.05 sys=0.00, real=0.02 secs] 
Heap after GC invocations=11 (full 2):
 par new generation   total 109248K, used 21824K [0x00000007a0000000, 0x00000007a8000000, 0x00000007a8000000)
  eden space 87424K,   0% used [0x00000007a0000000, 0x00000007a0000000, 0x00000007a5560000)
  from space 21824K, 100% used [0x00000007a6ab0000, 0x00000007a8000000, 0x00000007a8000000)
  to   space 21824K,   0% used [0x00000007a5560000, 0x00000007a5560000, 0x00000007a6ab0000)
 concurrent mark-sweep generation total 393216K, used 7156K [0x00000007a8000000, 0x00000007c0000000, 0x00000007c0000000)
 Metaspace       used 42719K, capacity 43936K, committed 44056K, reserved 1087488K
  class space    used 5272K, capacity 5548K, committed 5656K, reserved 1048576K
}
2019-05-27T17:19:42.022+0600: 155.941: Total time for which application threads were stopped: 0.0130039 seconds, Stopping threads took: 0.0000167 seconds
2019-05-27T17:19:42.022+0600: 155.942: Total time for which application threads were stopped: 0.0001564 seconds, Stopping threads took: 0.0000357 seconds
2019-05-27T17:19:42.023+0600: 155.942: Total time for which application threads were stopped: 0.0000710 seconds, Stopping threads took: 0.0000362 seconds
2019-05-27T17:19:42.023+0600: 155.942: Total time for which application threads were stopped: 0.0000474 seconds, Stopping threads took: 0.0000192 seconds
2019-05-27T17:19:42.023+0600: 155.942: Total time for which application threads were stopped: 0.0000723 seconds, Stopping threads took: 0.0000382 seconds
2019-05-27T17:19:42.023+0600: 155.942: Total time for which application threads were stopped: 0.0001138 seconds, Stopping threads took: 0.0000667 seconds
2019-05-27T17:19:42.023+0600: 155.942: Total time for which application threads were stopped: 0.0000482 seconds, Stopping threads took: 0.0000200 seconds
2019-05-27T17:19:42.023+0600: 155.942: Total time for which application threads were stopped: 0.0000355 seconds, Stopping threads took: 0.0000079 seconds
2019-05-27T17:19:42.023+0600: 155.942: Total time for which application threads were stopped: 0.0000705 seconds, Stopping threads took: 0.0000379 seconds
2019-05-27T17:19:42.023+0600: 155.942: Total time for which application threads were stopped: 0.0001067 seconds, Stopping threads took: 0.0000355 seconds
2019-05-27T17:19:42.024+0600: 155.943: Total time for which application threads were stopped: 0.0001688 seconds, Stopping threads took: 0.0001056 seconds
2019-05-27T17:19:42.024+0600: 155.943: Total time for which application threads were stopped: 0.0000806 seconds, Stopping threads took: 0.0000353 seconds
2019-05-27T17:19:42.024+0600: 155.943: Total time for which application threads were stopped: 0.0001153 seconds, Stopping threads took: 0.0000702 seconds
2019-05-27T17:19:42.024+0600: 155.943: Total time for which application threads were stopped: 0.0001009 seconds, Stopping threads took: 0.0000417 seconds
2019-05-27T17:19:42.024+0600: 155.943: Total time for which application threads were stopped: 0.0000802 seconds, Stopping threads took: 0.0000274 seconds
2019-05-27T17:19:42.024+0600: 155.943: Total time for which application threads were stopped: 0.0000787 seconds, Stopping threads took: 0.0000230 seconds
2019-05-27T17:19:42.024+0600: 155.944: Total time for which application threads were stopped: 0.0000790 seconds, Stopping threads took: 0.0000296 seconds
2019-05-27T17:19:42.025+0600: 155.944: Total time for which application threads were stopped: 0.0000870 seconds, Stopping threads took: 0.0000304 seconds
2019-05-27T17:19:42.025+0600: 155.944: Total time for which application threads were stopped: 0.0000763 seconds, Stopping threads took: 0.0000272 seconds
2019-05-27T17:19:42.025+0600: 155.944: Total time for which application threads were stopped: 0.0000809 seconds, Stopping threads took: 0.0000344 seconds
2019-05-27T17:19:42.025+0600: 155.944: Total time for which application threads were stopped: 0.0000605 seconds, Stopping threads took: 0.0000090 seconds
2019-05-27T17:19:42.025+0600: 155.944: Total time for which application threads were stopped: 0.0000714 seconds, Stopping threads took: 0.0000256 seconds
2019-05-27T17:19:42.025+0600: 155.944: Total time for which application threads were stopped: 0.0000669 seconds, Stopping threads took: 0.0000258 seconds
2019-05-27T17:19:42.025+0600: 155.944: Total time for which application threads were stopped: 0.0000555 seconds, Stopping threads took: 0.0000227 seconds
2019-05-27T17:19:42.025+0600: 155.944: Total time for which application threads were stopped: 0.0000596 seconds, Stopping threads took: 0.0000276 seconds
2019-05-27T17:19:42.025+0600: 155.945: Total time for which application threads were stopped: 0.0000832 seconds, Stopping threads took: 0.0000405 seconds
2019-05-27T17:19:42.026+0600: 155.945: Total time for which application threads were stopped: 0.0000655 seconds, Stopping threads took: 0.0000220 seconds
2019-05-27T17:19:42.026+0600: 155.945: Total time for which application threads were stopped: 0.0000591 seconds, Stopping threads took: 0.0000203 seconds
2019-05-27T17:19:42.026+0600: 155.945: Total time for which application threads were stopped: 0.0001306 seconds, Stopping threads took: 0.0000301 seconds
{Heap before GC invocations=11 (full 2):
 par new generation   total 109248K, used 109248K [0x00000007a0000000, 0x00000007a8000000, 0x00000007a8000000)
  eden space 87424K, 100% used [0x00000007a0000000, 0x00000007a5560000, 0x00000007a5560000)
  from space 21824K, 100% used [0x00000007a6ab0000, 0x00000007a8000000, 0x00000007a8000000)
  to   space 21824K,   0% used [0x00000007a5560000, 0x00000007a5560000, 0x00000007a6ab0000)
 concurrent mark-sweep generation total 393216K, used 7156K [0x00000007a8000000, 0x00000007c0000000, 0x00000007c0000000)
 Metaspace       used 42743K, capacity 44006K, committed 44312K, reserved 1087488K
  class space    used 5273K, capacity 5549K, committed 5656K, reserved 1048576K
2019-05-27T17:19:42.077+0600: 155.996: [GC (Allocation Failure) 2019-05-27T17:19:42.077+0600: 155.996: [ParNew
Desired survivor size 20112992 bytes, new threshold 8 (max 8)
- age   1:    1227408 bytes,    1227408 total
- age   2:    8206952 bytes,    9434360 total
- age   3:     838696 bytes,   10273056 total
- age   4:        624 bytes,   10273680 total
- age   5:    4901776 bytes,   15175456 total
- age   6:     171064 bytes,   15346520 total
- age   7:     342968 bytes,   15689488 total
- age   8:    1991472 bytes,   17680960 total
: 109248K->21824K(109248K), 0.0137898 secs] 116404K->32404K(502464K), 0.0138622 secs] [Times: user=0.05 sys=0.00, real=0.02 secs] 
Heap after GC invocations=12 (full 2):
 par new generation   total 109248K, used 21824K [0x00000007a0000000, 0x00000007a8000000, 0x00000007a8000000)
  eden space 87424K,   0% used [0x00000007a0000000, 0x00000007a0000000, 0x00000007a5560000)
  from space 21824K, 100% used [0x00000007a5560000, 0x00000007a6ab0000, 0x00000007a6ab0000)
  to   space 21824K,   0% used [0x00000007a6ab0000, 0x00000007a6ab0000, 0x00000007a8000000)
 concurrent mark-sweep generation total 393216K, used 10580K [0x00000007a8000000, 0x00000007c0000000, 0x00000007c0000000)
 Metaspace       used 42743K, capacity 44006K, committed 44312K, reserved 1087488K
  class space    used 5273K, capacity 5549K, committed 5656K, reserved 1048576K
}
2019-05-27T17:19:42.091+0600: 156.010: Total time for which application threads were stopped: 0.0140239 seconds, Stopping threads took: 0.0000159 seconds
2019-05-27T17:19:42.150+0600: 156.069: Total time for which application threads were stopped: 0.0000961 seconds, Stopping threads took: 0.0000180 seconds
2019-05-27T17:19:42.150+0600: 156.070: Total time for which application threads were stopped: 0.0000563 seconds, Stopping threads took: 0.0000139 seconds
2019-05-27T17:19:42.152+0600: 156.071: Total time for which application threads were stopped: 0.0000699 seconds, Stopping threads took: 0.0000267 seconds
2019-05-27T17:19:42.152+0600: 156.071: Total time for which application threads were stopped: 0.0000416 seconds, Stopping threads took: 0.0000085 seconds
2019-05-27T17:19:42.155+0600: 156.074: Total time for which application threads were stopped: 0.0000998 seconds, Stopping threads took: 0.0000336 seconds
2019-05-27T17:19:42.169+0600: 156.088: Total time for which application threads were stopped: 0.0001070 seconds, Stopping threads took: 0.0000362 seconds
2019-05-27T17:19:43.169+0600: 157.088: Total time for which application threads were stopped: 0.0001461 seconds, Stopping threads took: 0.0000259 seconds
2019-05-27T17:19:47.201+0600: 161.120: Total time for which application threads were stopped: 0.0001178 seconds, Stopping threads took: 0.0000340 seconds
{Heap before GC invocations=12 (full 2):
 par new generation   total 109248K, used 109248K [0x00000007a0000000, 0x00000007a8000000, 0x00000007a8000000)
  eden space 87424K, 100% used [0x00000007a0000000, 0x00000007a5560000, 0x00000007a5560000)
  from space 21824K, 100% used [0x00000007a5560000, 0x00000007a6ab0000, 0x00000007a6ab0000)
  to   space 21824K,   0% used [0x00000007a6ab0000, 0x00000007a6ab0000, 0x00000007a8000000)
 concurrent mark-sweep generation total 393216K, used 10580K [0x00000007a8000000, 0x00000007c0000000, 0x00000007c0000000)
 Metaspace       used 42969K, capacity 44292K, committed 44568K, reserved 1087488K
  class space    used 5286K, capacity 5593K, committed 5656K, reserved 1048576K
2019-05-27T17:19:47.242+0600: 161.161: [GC (Allocation Failure) 2019-05-27T17:19:47.242+0600: 161.161: [ParNew
Desired survivor size 20112992 bytes, new threshold 8 (max 8)
- age   1:    1062136 bytes,    1062136 total
- age   2:     210056 bytes,    1272192 total
- age   3:    8104536 bytes,    9376728 total
- age   4:     704624 bytes,   10081352 total
- age   5:        624 bytes,   10081976 total
- age   6:    4887680 bytes,   14969656 total
- age   7:     170904 bytes,   15140560 total
- age   8:     342720 bytes,   15483280 total
: 109248K->21673K(109248K), 0.0104764 secs] 119828K->34218K(502464K), 0.0105378 secs] [Times: user=0.04 sys=0.00, real=0.01 secs] 
Heap after GC invocations=13 (full 2):
 par new generation   total 109248K, used 21673K [0x00000007a0000000, 0x00000007a8000000, 0x00000007a8000000)
  eden space 87424K,   0% used [0x00000007a0000000, 0x00000007a0000000, 0x00000007a5560000)
  from space 21824K,  99% used [0x00000007a6ab0000, 0x00000007a7fda458, 0x00000007a8000000)
  to   space 21824K,   0% used [0x00000007a5560000, 0x00000007a5560000, 0x00000007a6ab0000)
 concurrent mark-sweep generation total 393216K, used 12545K [0x00000007a8000000, 0x00000007c0000000, 0x00000007c0000000)
 Metaspace       used 42969K, capacity 44292K, committed 44568K, reserved 1087488K
  class space    used 5286K, capacity 5593K, committed 5656K, reserved 1048576K
}
2019-05-27T17:19:47.253+0600: 161.172: Total time for which application threads were stopped: 0.0107018 seconds, Stopping threads took: 0.0000289 seconds
2019-05-27T17:19:47.253+0600: 161.172: Total time for which application threads were stopped: 0.0001247 seconds, Stopping threads took: 0.0000716 seconds
2019-05-27T17:19:47.254+0600: 161.173: Total time for which application threads were stopped: 0.0000933 seconds, Stopping threads took: 0.0000530 seconds
2019-05-27T17:19:47.254+0600: 161.173: Total time for which application threads were stopped: 0.0000509 seconds, Stopping threads took: 0.0000106 seconds
2019-05-27T17:19:47.254+0600: 161.173: Total time for which application threads were stopped: 0.0000758 seconds, Stopping threads took: 0.0000393 seconds
2019-05-27T17:19:47.254+0600: 161.173: Total time for which application threads were stopped: 0.0000635 seconds, Stopping threads took: 0.0000325 seconds
2019-05-27T17:19:47.254+0600: 161.173: Total time for which application threads were stopped: 0.0000661 seconds, Stopping threads took: 0.0000242 seconds
2019-05-27T17:19:47.254+0600: 161.173: Total time for which application threads were stopped: 0.0000492 seconds, Stopping threads took: 0.0000137 seconds
2019-05-27T17:19:47.254+0600: 161.173: Total time for which application threads were stopped: 0.0000635 seconds, Stopping threads took: 0.0000235 seconds
2019-05-27T17:19:47.254+0600: 161.173: Total time for which application threads were stopped: 0.0000592 seconds, Stopping threads took: 0.0000216 seconds
2019-05-27T17:19:47.254+0600: 161.173: Total time for which application threads were stopped: 0.0000521 seconds, Stopping threads took: 0.0000165 seconds
2019-05-27T17:19:47.255+0600: 161.174: Total time for which application threads were stopped: 0.0000932 seconds, Stopping threads took: 0.0000551 seconds
2019-05-27T17:19:47.255+0600: 161.174: Total time for which application threads were stopped: 0.0000577 seconds, Stopping threads took: 0.0000212 seconds
2019-05-27T17:19:47.255+0600: 161.174: Total time for which application threads were stopped: 0.0001022 seconds, Stopping threads took: 0.0000165 seconds
2019-05-27T17:19:47.255+0600: 161.174: Total time for which application threads were stopped: 0.0000557 seconds, Stopping threads took: 0.0000212 seconds
2019-05-27T17:19:47.255+0600: 161.174: Total time for which application threads were stopped: 0.0000474 seconds, Stopping threads took: 0.0000152 seconds
2019-05-27T17:19:47.255+0600: 161.174: Total time for which application threads were stopped: 0.0000554 seconds, Stopping threads took: 0.0000179 seconds
2019-05-27T17:19:47.255+0600: 161.174: Total time for which application threads were stopped: 0.0000506 seconds, Stopping threads took: 0.0000161 seconds
2019-05-27T17:19:47.255+0600: 161.174: Total time for which application threads were stopped: 0.0000496 seconds, Stopping threads took: 0.0000202 seconds
2019-05-27T17:19:47.255+0600: 161.174: Total time for which application threads were stopped: 0.0000487 seconds, Stopping threads took: 0.0000142 seconds
2019-05-27T17:19:47.255+0600: 161.174: Total time for which application threads were stopped: 0.0000396 seconds, Stopping threads took: 0.0000066 seconds
2019-05-27T17:19:47.255+0600: 161.174: Total time for which application threads were stopped: 0.0001014 seconds, Stopping threads took: 0.0000624 seconds
2019-05-27T17:19:47.255+0600: 161.174: Total time for which application threads were stopped: 0.0000603 seconds, Stopping threads took: 0.0000221 seconds
2019-05-27T17:19:47.256+0600: 161.175: Total time for which application threads were stopped: 0.0000457 seconds, Stopping threads took: 0.0000158 seconds
2019-05-27T17:19:47.256+0600: 161.175: Total time for which application threads were stopped: 0.0000570 seconds, Stopping threads took: 0.0000259 seconds
2019-05-27T17:19:47.256+0600: 161.175: Total time for which application threads were stopped: 0.0000717 seconds, Stopping threads took: 0.0000341 seconds
2019-05-27T17:19:47.267+0600: 161.186: Total time for which application threads were stopped: 0.0000980 seconds, Stopping threads took: 0.0000384 seconds
2019-05-27T17:19:47.275+0600: 161.194: Total time for which application threads were stopped: 0.0000985 seconds, Stopping threads took: 0.0000154 seconds
2019-05-27T17:19:47.309+0600: 161.228: Total time for which application threads were stopped: 0.0000535 seconds, Stopping threads took: 0.0000139 seconds
2019-05-27T17:19:47.309+0600: 161.228: Total time for which application threads were stopped: 0.0000334 seconds, Stopping threads took: 0.0000071 seconds
2019-05-27T17:19:47.309+0600: 161.228: Total time for which application threads were stopped: 0.0000335 seconds, Stopping threads took: 0.0000071 seconds
2019-05-27T17:19:47.309+0600: 161.228: Total time for which application threads were stopped: 0.0000287 seconds, Stopping threads took: 0.0000060 seconds
2019-05-27T17:19:47.310+0600: 161.229: Total time for which application threads were stopped: 0.0000483 seconds, Stopping threads took: 0.0000158 seconds
2019-05-27T17:19:47.311+0600: 161.230: Total time for which application threads were stopped: 0.0000326 seconds, Stopping threads took: 0.0000063 seconds
2019-05-27T17:19:47.311+0600: 161.230: Total time for which application threads were stopped: 0.0000282 seconds, Stopping threads took: 0.0000057 seconds
2019-05-27T17:19:47.312+0600: 161.231: Total time for which application threads were stopped: 0.0003815 seconds, Stopping threads took: 0.0000069 seconds
2019-05-27T17:19:47.315+0600: 161.234: Total time for which application threads were stopped: 0.0000350 seconds, Stopping threads took: 0.0000070 seconds
2019-05-27T17:19:47.315+0600: 161.234: Total time for which application threads were stopped: 0.0000286 seconds, Stopping threads took: 0.0000058 seconds
2019-05-27T17:19:47.318+0600: 161.237: Total time for which application threads were stopped: 0.0000344 seconds, Stopping threads took: 0.0000069 seconds
2019-05-27T17:20:18.381+0600: 192.300: Total time for which application threads were stopped: 0.0000620 seconds, Stopping threads took: 0.0000194 seconds
2019-05-27T17:21:15.523+0600: 249.440: Total time for which application threads were stopped: 0.0000625 seconds, Stopping threads took: 0.0000190 seconds
2019-05-27T17:21:18.536+0600: 252.453: Total time for which application threads were stopped: 0.0000519 seconds, Stopping threads took: 0.0000161 seconds
2019-05-27T17:21:55.127+0600: 289.047: Total time for which application threads were stopped: 0.0000587 seconds, Stopping threads took: 0.0000164 seconds
2019-05-27T17:21:55.127+0600: 289.047: Total time for which application threads were stopped: 0.0000633 seconds, Stopping threads took: 0.0000319 seconds
2019-05-27T17:21:55.127+0600: 289.048: Total time for which application threads were stopped: 0.0000478 seconds, Stopping threads took: 0.0000185 seconds
2019-05-27T17:21:55.127+0600: 289.048: Total time for which application threads were stopped: 0.0000599 seconds, Stopping threads took: 0.0000302 seconds
2019-05-27T17:21:55.127+0600: 289.048: Total time for which application threads were stopped: 0.0000342 seconds, Stopping threads took: 0.0000077 seconds
2019-05-27T17:21:55.127+0600: 289.048: Total time for which application threads were stopped: 0.0000352 seconds, Stopping threads took: 0.0000065 seconds
2019-05-27T17:21:55.128+0600: 289.049: Total time for which application threads were stopped: 0.0000428 seconds, Stopping threads took: 0.0000104 seconds
2019-05-27T17:21:55.129+0600: 289.050: Total time for which application threads were stopped: 0.0000461 seconds, Stopping threads took: 0.0000109 seconds
2019-05-27T17:21:55.129+0600: 289.050: Total time for which application threads were stopped: 0.0000376 seconds, Stopping threads took: 0.0000083 seconds
2019-05-27T17:21:55.130+0600: 289.051: Total time for which application threads were stopped: 0.0000364 seconds, Stopping threads took: 0.0000074 seconds
2019-05-27T17:21:55.130+0600: 289.051: Total time for which application threads were stopped: 0.0000308 seconds, Stopping threads took: 0.0000068 seconds
2019-05-27T17:21:55.135+0600: 289.056: Total time for which application threads were stopped: 0.0000615 seconds, Stopping threads took: 0.0000138 seconds
2019-05-27T17:21:55.141+0600: 289.062: Total time for which application threads were stopped: 0.0000561 seconds, Stopping threads took: 0.0000147 seconds
{Heap before GC invocations=13 (full 2):
 par new generation   total 109248K, used 109097K [0x00000007a0000000, 0x00000007a8000000, 0x00000007a8000000)
  eden space 87424K, 100% used [0x00000007a0000000, 0x00000007a5560000, 0x00000007a5560000)
  from space 21824K,  99% used [0x00000007a6ab0000, 0x00000007a7fda458, 0x00000007a8000000)
  to   space 21824K,   0% used [0x00000007a5560000, 0x00000007a5560000, 0x00000007a6ab0000)
 concurrent mark-sweep generation total 393216K, used 12545K [0x00000007a8000000, 0x00000007c0000000, 0x00000007c0000000)
 Metaspace       used 43976K, capacity 45376K, committed 45720K, reserved 1089536K
  class space    used 5389K, capacity 5711K, committed 5784K, reserved 1048576K
2019-05-27T17:21:55.223+0600: 289.144: [GC (Allocation Failure) 2019-05-27T17:21:55.223+0600: 289.144: [ParNew
Desired survivor size 20112992 bytes, new threshold 8 (max 8)
- age   1:    2536264 bytes,    2536264 total
- age   2:     723816 bytes,    3260080 total
- age   3:     209520 bytes,    3469600 total
- age   4:    8073400 bytes,   11543000 total
- age   5:     700528 bytes,   12243528 total
- age   6:        624 bytes,   12244152 total
- age   7:    4885712 bytes,   17129864 total
- age   8:     170904 bytes,   17300768 total
: 109097K->21824K(109248K), 0.0081821 secs] 121642K->34712K(502464K), 0.0082662 secs] [Times: user=0.03 sys=0.00, real=0.01 secs] 
Heap after GC invocations=14 (full 2):
 par new generation   total 109248K, used 21824K [0x00000007a0000000, 0x00000007a8000000, 0x00000007a8000000)
  eden space 87424K,   0% used [0x00000007a0000000, 0x00000007a0000000, 0x00000007a5560000)
  from space 21824K, 100% used [0x00000007a5560000, 0x00000007a6ab0000, 0x00000007a6ab0000)
  to   space 21824K,   0% used [0x00000007a6ab0000, 0x00000007a6ab0000, 0x00000007a8000000)
 concurrent mark-sweep generation total 393216K, used 12888K [0x00000007a8000000, 0x00000007c0000000, 0x00000007c0000000)
 Metaspace       used 43976K, capacity 45376K, committed 45720K, reserved 1089536K
  class space    used 5389K, capacity 5711K, committed 5784K, reserved 1048576K
}
2019-05-27T17:21:55.231+0600: 289.152: Total time for which application threads were stopped: 0.0084979 seconds, Stopping threads took: 0.0000427 seconds
{Heap before GC invocations=14 (full 2):
 par new generation   total 109248K, used 109248K [0x00000007a0000000, 0x00000007a8000000, 0x00000007a8000000)
  eden space 87424K, 100% used [0x00000007a0000000, 0x00000007a5560000, 0x00000007a5560000)
  from space 21824K, 100% used [0x00000007a5560000, 0x00000007a6ab0000, 0x00000007a6ab0000)
  to   space 21824K,   0% used [0x00000007a6ab0000, 0x00000007a6ab0000, 0x00000007a8000000)
 concurrent mark-sweep generation total 393216K, used 12888K [0x00000007a8000000, 0x00000007c0000000, 0x00000007c0000000)
 Metaspace       used 43993K, capacity 45414K, committed 45720K, reserved 1089536K
  class space    used 5390K, capacity 5744K, committed 5784K, reserved 1048576K
2019-05-27T17:21:55.272+0600: 289.192: [GC (Allocation Failure) 2019-05-27T17:21:55.272+0600: 289.192: [ParNew
Desired survivor size 20112992 bytes, new threshold 8 (max 8)
- age   1:     321816 bytes,     321816 total
- age   2:    1835648 bytes,    2157464 total
- age   3:     722528 bytes,    2879992 total
- age   4:     209496 bytes,    3089488 total
- age   5:    8072272 bytes,   11161760 total
- age   6:     700528 bytes,   11862288 total
- age   7:        624 bytes,   11862912 total
- age   8:    4885712 bytes,   16748624 total
: 109248K->20554K(109248K), 0.0078473 secs] 122136K->33613K(502464K), 0.0079193 secs] [Times: user=0.03 sys=0.00, real=0.00 secs] 
Heap after GC invocations=15 (full 2):
 par new generation   total 109248K, used 20554K [0x00000007a0000000, 0x00000007a8000000, 0x00000007a8000000)
  eden space 87424K,   0% used [0x00000007a0000000, 0x00000007a0000000, 0x00000007a5560000)
  from space 21824K,  94% used [0x00000007a6ab0000, 0x00000007a7ec2a20, 0x00000007a8000000)
  to   space 21824K,   0% used [0x00000007a5560000, 0x00000007a5560000, 0x00000007a6ab0000)
 concurrent mark-sweep generation total 393216K, used 13059K [0x00000007a8000000, 0x00000007c0000000, 0x00000007c0000000)
 Metaspace       used 43993K, capacity 45414K, committed 45720K, reserved 1089536K
  class space    used 5390K, capacity 5744K, committed 5784K, reserved 1048576K
}
2019-05-27T17:21:55.279+0600: 289.200: Total time for which application threads were stopped: 0.0080369 seconds, Stopping threads took: 0.0000126 seconds
2019-05-27T17:21:55.301+0600: 289.221: Total time for which application threads were stopped: 0.0000900 seconds, Stopping threads took: 0.0000152 seconds
2019-05-27T17:21:55.301+0600: 289.222: Total time for which application threads were stopped: 0.0000564 seconds, Stopping threads took: 0.0000282 seconds
2019-05-27T17:21:55.302+0600: 289.223: Total time for which application threads were stopped: 0.0000357 seconds, Stopping threads took: 0.0000075 seconds
2019-05-27T17:21:55.309+0600: 289.229: Total time for which application threads were stopped: 0.0001055 seconds, Stopping threads took: 0.0000130 seconds
2019-05-27T17:21:56.313+0600: 290.234: Total time for which application threads were stopped: 0.0001443 seconds, Stopping threads took: 0.0000342 seconds
2019-05-27T17:22:00.331+0600: 294.254: Total time for which application threads were stopped: 0.0001034 seconds, Stopping threads took: 0.0000368 seconds
2019-05-27T17:22:00.359+0600: 294.281: Total time for which application threads were stopped: 0.0000583 seconds, Stopping threads took: 0.0000132 seconds
2019-05-27T17:22:00.359+0600: 294.281: Total time for which application threads were stopped: 0.0000380 seconds, Stopping threads took: 0.0000079 seconds
2019-05-27T17:22:01.360+0600: 295.283: Total time for which application threads were stopped: 0.0000652 seconds, Stopping threads took: 0.0000158 seconds
2019-05-27T17:22:03.856+0600: 297.779: Total time for which application threads were stopped: 0.0000865 seconds, Stopping threads took: 0.0000344 seconds
2019-05-27T17:22:03.856+0600: 297.779: Total time for which application threads were stopped: 0.0000615 seconds, Stopping threads took: 0.0000284 seconds
2019-05-27T17:22:03.856+0600: 297.779: Total time for which application threads were stopped: 0.0000392 seconds, Stopping threads took: 0.0000069 seconds
2019-05-27T17:22:03.856+0600: 297.779: Total time for which application threads were stopped: 0.0000541 seconds, Stopping threads took: 0.0000268 seconds
2019-05-27T17:22:03.856+0600: 297.780: Total time for which application threads were stopped: 0.0000976 seconds, Stopping threads took: 0.0000615 seconds
2019-05-27T17:22:03.856+0600: 297.780: Total time for which application threads were stopped: 0.0000674 seconds, Stopping threads took: 0.0000242 seconds
2019-05-27T17:22:03.858+0600: 297.781: Total time for which application threads were stopped: 0.0000559 seconds, Stopping threads took: 0.0000105 seconds
2019-05-27T17:22:03.860+0600: 297.783: Total time for which application threads were stopped: 0.0001021 seconds, Stopping threads took: 0.0000460 seconds
2019-05-27T17:22:03.860+0600: 297.783: Total time for which application threads were stopped: 0.0000796 seconds, Stopping threads took: 0.0000260 seconds
2019-05-27T17:22:03.860+0600: 297.783: Total time for which application threads were stopped: 0.0000760 seconds, Stopping threads took: 0.0000247 seconds
2019-05-27T17:22:03.873+0600: 297.797: Total time for which application threads were stopped: 0.0001086 seconds, Stopping threads took: 0.0000176 seconds
2019-05-27T17:22:03.875+0600: 297.798: Total time for which application threads were stopped: 0.0000941 seconds, Stopping threads took: 0.0000424 seconds
2019-05-27T17:22:03.888+0600: 297.811: Total time for which application threads were stopped: 0.0000627 seconds, Stopping threads took: 0.0000153 seconds
2019-05-27T17:22:03.888+0600: 297.812: Total time for which application threads were stopped: 0.0000640 seconds, Stopping threads took: 0.0000270 seconds
2019-05-27T17:22:03.889+0600: 297.812: Total time for which application threads were stopped: 0.0001079 seconds, Stopping threads took: 0.0000258 seconds
2019-05-27T17:22:03.908+0600: 297.831: Total time for which application threads were stopped: 0.0001181 seconds, Stopping threads took: 0.0000361 seconds
2019-05-27T17:22:03.909+0600: 297.832: Total time for which application threads were stopped: 0.0001075 seconds, Stopping threads took: 0.0000489 seconds
2019-05-27T17:22:03.909+0600: 297.833: Total time for which application threads were stopped: 0.0000770 seconds, Stopping threads took: 0.0000210 seconds
2019-05-27T17:22:03.910+0600: 297.833: Total time for which application threads were stopped: 0.0000802 seconds, Stopping threads took: 0.0000185 seconds
2019-05-27T17:22:03.910+0600: 297.833: Total time for which application threads were stopped: 0.0000687 seconds, Stopping threads took: 0.0000188 seconds
2019-05-27T17:22:03.910+0600: 297.833: Total time for which application threads were stopped: 0.0000691 seconds, Stopping threads took: 0.0000086 seconds
2019-05-27T17:22:03.911+0600: 297.834: Total time for which application threads were stopped: 0.0000687 seconds, Stopping threads took: 0.0000184 seconds
2019-05-27T17:22:03.911+0600: 297.834: Total time for which application threads were stopped: 0.0000626 seconds, Stopping threads took: 0.0000081 seconds
2019-05-27T17:22:03.911+0600: 297.834: Total time for which application threads were stopped: 0.0000650 seconds, Stopping threads took: 0.0000200 seconds
2019-05-27T17:22:03.913+0600: 297.836: Total time for which application threads were stopped: 0.0000567 seconds, Stopping threads took: 0.0000117 seconds
2019-05-27T17:22:03.955+0600: 297.878: Total time for which application threads were stopped: 0.0000847 seconds, Stopping threads took: 0.0000160 seconds
2019-05-27T17:22:03.955+0600: 297.878: Total time for which application threads were stopped: 0.0000840 seconds, Stopping threads took: 0.0000455 seconds
2019-05-27T17:22:03.955+0600: 297.878: Total time for which application threads were stopped: 0.0000960 seconds, Stopping threads took: 0.0000100 seconds
2019-05-27T17:22:03.955+0600: 297.878: Total time for which application threads were stopped: 0.0000627 seconds, Stopping threads took: 0.0000196 seconds
2019-05-27T17:22:03.955+0600: 297.879: Total time for which application threads were stopped: 0.0000572 seconds, Stopping threads took: 0.0000173 seconds
2019-05-27T17:22:03.955+0600: 297.879: Total time for which application threads were stopped: 0.0000775 seconds, Stopping threads took: 0.0000413 seconds
2019-05-27T17:22:03.955+0600: 297.879: Total time for which application threads were stopped: 0.0000764 seconds, Stopping threads took: 0.0000277 seconds
2019-05-27T17:22:03.957+0600: 297.880: Total time for which application threads were stopped: 0.0000685 seconds, Stopping threads took: 0.0000216 seconds
2019-05-27T17:22:03.958+0600: 297.881: Total time for which application threads were stopped: 0.0000805 seconds, Stopping threads took: 0.0000420 seconds
2019-05-27T17:22:03.958+0600: 297.881: Total time for which application threads were stopped: 0.0000388 seconds, Stopping threads took: 0.0000076 seconds
2019-05-27T17:22:03.959+0600: 297.882: Total time for which application threads were stopped: 0.0001863 seconds, Stopping threads took: 0.0000119 seconds
2019-05-27T17:22:03.988+0600: 297.912: Total time for which application threads were stopped: 0.0004941 seconds, Stopping threads took: 0.0000145 seconds
2019-05-27T17:22:04.026+0600: 297.950: Total time for which application threads were stopped: 0.0000711 seconds, Stopping threads took: 0.0000144 seconds
2019-05-27T17:22:04.027+0600: 297.950: Total time for which application threads were stopped: 0.0000694 seconds, Stopping threads took: 0.0000079 seconds
2019-05-27T17:22:04.027+0600: 297.951: Total time for which application threads were stopped: 0.0000918 seconds, Stopping threads took: 0.0000307 seconds
2019-05-27T17:22:04.028+0600: 297.951: Total time for which application threads were stopped: 0.0000540 seconds, Stopping threads took: 0.0000083 seconds
2019-05-27T17:22:04.028+0600: 297.951: Total time for which application threads were stopped: 0.0001091 seconds, Stopping threads took: 0.0000390 seconds
2019-05-27T17:22:04.029+0600: 297.953: Total time for which application threads were stopped: 0.0000392 seconds, Stopping threads took: 0.0000070 seconds
{Heap before GC invocations=15 (full 2):
 par new generation   total 109248K, used 102963K [0x00000007a0000000, 0x00000007a8000000, 0x00000007a8000000)
  eden space 87424K,  94% used [0x00000007a0000000, 0x00000007a507a410, 0x00000007a5560000)
  from space 21824K,  94% used [0x00000007a6ab0000, 0x00000007a7ec2a20, 0x00000007a8000000)
  to   space 21824K,   0% used [0x00000007a5560000, 0x00000007a5560000, 0x00000007a6ab0000)
 concurrent mark-sweep generation total 393216K, used 13059K [0x00000007a8000000, 0x00000007c0000000, 0x00000007c0000000)
 Metaspace       used 45020K, capacity 46434K, committed 46616K, reserved 1089536K
  class space    used 5508K, capacity 5846K, committed 5912K, reserved 1048576K
2019-05-27T17:22:04.063+0600: 297.986: [GC (Allocation Failure) 2019-05-27T17:22:04.063+0600: 297.986: [ParNew
Desired survivor size 20112992 bytes, new threshold 6 (max 8)
- age   1:   14346712 bytes,   14346712 total
- age   2:     107904 bytes,   14454616 total
- age   3:     688944 bytes,   15143560 total
- age   4:      61016 bytes,   15204576 total
- age   5:       6032 bytes,   15210608 total
- age   6:    6465112 bytes,   21675720 total
- age   7:     656064 bytes,   22331784 total
- age   8:        624 bytes,   22332408 total
: 102963K->21824K(109248K), 0.0180485 secs] 116022K->51124K(502464K), 0.0181232 secs] [Times: user=0.05 sys=0.01, real=0.02 secs] 
Heap after GC invocations=16 (full 2):
 par new generation   total 109248K, used 21824K [0x00000007a0000000, 0x00000007a8000000, 0x00000007a8000000)
  eden space 87424K,   0% used [0x00000007a0000000, 0x00000007a0000000, 0x00000007a5560000)
  from space 21824K, 100% used [0x00000007a5560000, 0x00000007a6ab0000, 0x00000007a6ab0000)
  to   space 21824K,   0% used [0x00000007a6ab0000, 0x00000007a6ab0000, 0x00000007a8000000)
 concurrent mark-sweep generation total 393216K, used 29300K [0x00000007a8000000, 0x00000007c0000000, 0x00000007c0000000)
 Metaspace       used 45020K, capacity 46434K, committed 46616K, reserved 1089536K
  class space    used 5508K, capacity 5846K, committed 5912K, reserved 1048576K
}
2019-05-27T17:22:04.081+0600: 298.005: Total time for which application threads were stopped: 0.0182521 seconds, Stopping threads took: 0.0000147 seconds
2019-05-27T17:22:04.082+0600: 298.005: Total time for which application threads were stopped: 0.0003301 seconds, Stopping threads took: 0.0002842 seconds
2019-05-27T17:22:04.082+0600: 298.005: Total time for which application threads were stopped: 0.0000451 seconds, Stopping threads took: 0.0000077 seconds
2019-05-27T17:22:04.082+0600: 298.005: Total time for which application threads were stopped: 0.0000448 seconds, Stopping threads took: 0.0000084 seconds
2019-05-27T17:22:04.082+0600: 298.005: Total time for which application threads were stopped: 0.0000423 seconds, Stopping threads took: 0.0000076 seconds
2019-05-27T17:22:04.082+0600: 298.006: Total time for which application threads were stopped: 0.0000364 seconds, Stopping threads took: 0.0000061 seconds
2019-05-27T17:22:04.082+0600: 298.006: Total time for which application threads were stopped: 0.0000343 seconds, Stopping threads took: 0.0000059 seconds
2019-05-27T17:22:04.082+0600: 298.006: Total time for which application threads were stopped: 0.0000340 seconds, Stopping threads took: 0.0000057 seconds
2019-05-27T17:22:04.082+0600: 298.006: Total time for which application threads were stopped: 0.0000336 seconds, Stopping threads took: 0.0000056 seconds
2019-05-27T17:22:04.082+0600: 298.006: Total time for which application threads were stopped: 0.0000339 seconds, Stopping threads took: 0.0000056 seconds
2019-05-27T17:22:04.083+0600: 298.006: Total time for which application threads were stopped: 0.0000340 seconds, Stopping threads took: 0.0000058 seconds
2019-05-27T17:22:04.083+0600: 298.006: Total time for which application threads were stopped: 0.0000338 seconds, Stopping threads took: 0.0000058 seconds
2019-05-27T17:22:04.083+0600: 298.006: Total time for which application threads were stopped: 0.0000339 seconds, Stopping threads took: 0.0000056 seconds
2019-05-27T17:22:04.083+0600: 298.006: Total time for which application threads were stopped: 0.0000345 seconds, Stopping threads took: 0.0000056 seconds
2019-05-27T17:22:04.083+0600: 298.006: Total time for which application threads were stopped: 0.0000339 seconds, Stopping threads took: 0.0000056 seconds
2019-05-27T17:22:04.118+0600: 298.042: Total time for which application threads were stopped: 0.0004413 seconds, Stopping threads took: 0.0000138 seconds
2019-05-27T17:22:04.240+0600: 298.163: Total time for which application threads were stopped: 0.0002116 seconds, Stopping threads took: 0.0000754 seconds
2019-05-27T17:22:04.241+0600: 298.164: Total time for which application threads were stopped: 0.0000935 seconds, Stopping threads took: 0.0000206 seconds
2019-05-27T17:22:04.245+0600: 298.168: Total time for which application threads were stopped: 0.0001039 seconds, Stopping threads took: 0.0000248 seconds
2019-05-27T17:22:04.245+0600: 298.168: Total time for which application threads were stopped: 0.0000916 seconds, Stopping threads took: 0.0000299 seconds
2019-05-27T17:22:04.245+0600: 298.168: Total time for which application threads were stopped: 0.0000744 seconds, Stopping threads took: 0.0000045 seconds
2019-05-27T17:22:04.245+0600: 298.168: Total time for which application threads were stopped: 0.0000318 seconds, Stopping threads took: 0.0000047 seconds
2019-05-27T17:22:04.245+0600: 298.168: Total time for which application threads were stopped: 0.0000554 seconds, Stopping threads took: 0.0000032 seconds
2019-05-27T17:22:04.245+0600: 298.168: Total time for which application threads were stopped: 0.0000324 seconds, Stopping threads took: 0.0000048 seconds
2019-05-27T17:22:04.246+0600: 298.169: Total time for which application threads were stopped: 0.0000354 seconds, Stopping threads took: 0.0000054 seconds
2019-05-27T17:22:04.247+0600: 298.170: Total time for which application threads were stopped: 0.0000384 seconds, Stopping threads took: 0.0000062 seconds
2019-05-27T17:22:04.390+0600: 298.313: Total time for which application threads were stopped: 0.0000771 seconds, Stopping threads took: 0.0000134 seconds
2019-05-27T17:22:04.390+0600: 298.314: Total time for which application threads were stopped: 0.0000752 seconds, Stopping threads took: 0.0000067 seconds
2019-05-27T17:22:04.390+0600: 298.314: Total time for which application threads were stopped: 0.0000574 seconds, Stopping threads took: 0.0000089 seconds
2019-05-27T17:22:04.391+0600: 298.314: Total time for which application threads were stopped: 0.0000712 seconds, Stopping threads took: 0.0000252 seconds
2019-05-27T17:22:04.391+0600: 298.314: Total time for which application threads were stopped: 0.0000713 seconds, Stopping threads took: 0.0000261 seconds
2019-05-27T17:22:04.391+0600: 298.315: Total time for which application threads were stopped: 0.0000749 seconds, Stopping threads took: 0.0000272 seconds
2019-05-27T17:22:04.465+0600: 298.389: Total time for which application threads were stopped: 0.0001107 seconds, Stopping threads took: 0.0000266 seconds
2019-05-27T17:22:04.494+0600: 298.418: Total time for which application threads were stopped: 0.0001554 seconds, Stopping threads took: 0.0000401 seconds
2019-05-27T17:22:04.501+0600: 298.424: Total time for which application threads were stopped: 0.0001416 seconds, Stopping threads took: 0.0000515 seconds
2019-05-27T17:22:04.503+0600: 298.426: Total time for which application threads were stopped: 0.0001390 seconds, Stopping threads took: 0.0000368 seconds
2019-05-27T17:22:04.526+0600: 298.449: Total time for which application threads were stopped: 0.0001368 seconds, Stopping threads took: 0.0000415 seconds
2019-05-27T17:22:04.526+0600: 298.450: Total time for which application threads were stopped: 0.0001746 seconds, Stopping threads took: 0.0001027 seconds
2019-05-27T17:22:04.538+0600: 298.462: Total time for which application threads were stopped: 0.0001344 seconds, Stopping threads took: 0.0000322 seconds
2019-05-27T17:22:04.563+0600: 298.486: Total time for which application threads were stopped: 0.0002023 seconds, Stopping threads took: 0.0000444 seconds
{Heap before GC invocations=16 (full 2):
 par new generation   total 109248K, used 109248K [0x00000007a0000000, 0x00000007a8000000, 0x00000007a8000000)
  eden space 87424K, 100% used [0x00000007a0000000, 0x00000007a5560000, 0x00000007a5560000)
  from space 21824K, 100% used [0x00000007a5560000, 0x00000007a6ab0000, 0x00000007a6ab0000)
  to   space 21824K,   0% used [0x00000007a6ab0000, 0x00000007a6ab0000, 0x00000007a8000000)
 concurrent mark-sweep generation total 393216K, used 29300K [0x00000007a8000000, 0x00000007c0000000, 0x00000007c0000000)
 Metaspace       used 45911K, capacity 47342K, committed 47512K, reserved 1091584K
  class space    used 5553K, capacity 5914K, committed 6040K, reserved 1048576K
2019-05-27T17:22:04.686+0600: 298.610: [GC (Allocation Failure) 2019-05-27T17:22:04.686+0600: 298.610: [ParNew
Desired survivor size 20112992 bytes, new threshold 8 (max 8)
- age   1:    9064048 bytes,    9064048 total
- age   2:    9780440 bytes,   18844488 total
- age   3:      75112 bytes,   18919600 total
- age   4:     208144 bytes,   19127744 total
- age   5:      49256 bytes,   19177000 total
- age   6:       4280 bytes,   19181280 total
: 109248K->21824K(109248K), 0.0240876 secs] 138548K->75288K(502464K), 0.0241691 secs] [Times: user=0.09 sys=0.02, real=0.03 secs] 
Heap after GC invocations=17 (full 2):
 par new generation   total 109248K, used 21824K [0x00000007a0000000, 0x00000007a8000000, 0x00000007a8000000)
  eden space 87424K,   0% used [0x00000007a0000000, 0x00000007a0000000, 0x00000007a5560000)
  from space 21824K, 100% used [0x00000007a6ab0000, 0x00000007a8000000, 0x00000007a8000000)
  to   space 21824K,   0% used [0x00000007a5560000, 0x00000007a5560000, 0x00000007a6ab0000)
 concurrent mark-sweep generation total 393216K, used 53464K [0x00000007a8000000, 0x00000007c0000000, 0x00000007c0000000)
 Metaspace       used 45911K, capacity 47342K, committed 47512K, reserved 1091584K
  class space    used 5553K, capacity 5914K, committed 6040K, reserved 1048576K
}
2019-05-27T17:22:04.710+0600: 298.634: Total time for which application threads were stopped: 0.0244364 seconds, Stopping threads took: 0.0000868 seconds
2019-05-27T17:22:05.710+0600: 299.634: Total time for which application threads were stopped: 0.0001059 seconds, Stopping threads took: 0.0000157 seconds
2019-05-27T17:22:15.731+0600: 309.656: Total time for which application threads were stopped: 0.0000992 seconds, Stopping threads took: 0.0000178 seconds
{Heap before GC invocations=17 (full 2):
 par new generation   total 109248K, used 109248K [0x00000007a0000000, 0x00000007a8000000, 0x00000007a8000000)
  eden space 87424K, 100% used [0x00000007a0000000, 0x00000007a5560000, 0x00000007a5560000)
  from space 21824K, 100% used [0x00000007a6ab0000, 0x00000007a8000000, 0x00000007a8000000)
  to   space 21824K,   0% used [0x00000007a5560000, 0x00000007a5560000, 0x00000007a6ab0000)
 concurrent mark-sweep generation total 393216K, used 53464K [0x00000007a8000000, 0x00000007c0000000, 0x00000007c0000000)
 Metaspace       used 46233K, capacity 47790K, committed 48024K, reserved 1091584K
  class space    used 5554K, capacity 5914K, committed 6040K, reserved 1048576K
2019-05-27T17:22:15.913+0600: 309.838: [GC (Allocation Failure) 2019-05-27T17:22:15.913+0600: 309.838: [ParNew
Desired survivor size 20112992 bytes, new threshold 8 (max 8)
- age   1:    4620632 bytes,    4620632 total
- age   2:    8548136 bytes,   13168768 total
- age   3:    6239408 bytes,   19408176 total
- age   4:      74968 bytes,   19483144 total
- age   5:     206264 bytes,   19689408 total
- age   6:      47704 bytes,   19737112 total
- age   7:       4256 bytes,   19741368 total
: 109248K->21824K(109248K), 0.0079974 secs] 162712K->80062K(502464K), 0.0080885 secs] [Times: user=0.05 sys=0.00, real=0.01 secs] 
Heap after GC invocations=18 (full 2):
 par new generation   total 109248K, used 21824K [0x00000007a0000000, 0x00000007a8000000, 0x00000007a8000000)
  eden space 87424K,   0% used [0x00000007a0000000, 0x00000007a0000000, 0x00000007a5560000)
  from space 21824K, 100% used [0x00000007a5560000, 0x00000007a6ab0000, 0x00000007a6ab0000)
  to   space 21824K,   0% used [0x00000007a6ab0000, 0x00000007a6ab0000, 0x00000007a8000000)
 concurrent mark-sweep generation total 393216K, used 58238K [0x00000007a8000000, 0x00000007c0000000, 0x00000007c0000000)
 Metaspace       used 46233K, capacity 47790K, committed 48024K, reserved 1091584K
  class space    used 5554K, capacity 5914K, committed 6040K, reserved 1048576K
}
2019-05-27T17:22:15.921+0600: 309.846: Total time for which application threads were stopped: 0.0082431 seconds, Stopping threads took: 0.0000189 seconds
2019-05-27T17:22:15.953+0600: 309.877: Total time for which application threads were stopped: 0.0001101 seconds, Stopping threads took: 0.0000325 seconds
2019-05-27T17:22:15.953+0600: 309.877: Total time for which application threads were stopped: 0.0000611 seconds, Stopping threads took: 0.0000300 seconds
2019-05-27T17:22:15.953+0600: 309.878: Total time for which application threads were stopped: 0.0000671 seconds, Stopping threads took: 0.0000283 seconds
2019-05-27T17:22:15.960+0600: 309.885: Total time for which application threads were stopped: 0.0001089 seconds, Stopping threads took: 0.0000613 seconds
2019-05-27T17:22:16.010+0600: 309.935: Total time for which application threads were stopped: 0.0001066 seconds, Stopping threads took: 0.0000220 seconds
2019-05-27T17:22:16.104+0600: 310.029: Total time for which application threads were stopped: 0.0001093 seconds, Stopping threads took: 0.0000157 seconds
{Heap before GC invocations=18 (full 2):
 par new generation   total 109248K, used 108938K [0x00000007a0000000, 0x00000007a8000000, 0x00000007a8000000)
  eden space 87424K,  99% used [0x00000007a0000000, 0x00000007a5512838, 0x00000007a5560000)
  from space 21824K, 100% used [0x00000007a5560000, 0x00000007a6ab0000, 0x00000007a6ab0000)
  to   space 21824K,   0% used [0x00000007a6ab0000, 0x00000007a6ab0000, 0x00000007a8000000)
 concurrent mark-sweep generation total 393216K, used 58238K [0x00000007a8000000, 0x00000007c0000000, 0x00000007c0000000)
 Metaspace       used 46951K, capacity 48436K, committed 48792K, reserved 1091584K
  class space    used 5616K, capacity 5979K, committed 6040K, reserved 1048576K
2019-05-27T17:22:16.112+0600: 310.036: [GC (Allocation Failure) 2019-05-27T17:22:16.112+0600: 310.036: [ParNew
Desired survivor size 20112992 bytes, new threshold 8 (max 8)
- age   1:     743304 bytes,     743304 total
- age   2:    4114488 bytes,    4857792 total
- age   3:    7579504 bytes,   12437296 total
- age   4:    5847152 bytes,   18284448 total
- age   5:      74968 bytes,   18359416 total
- age   6:     202592 bytes,   18562008 total
- age   7:      47544 bytes,   18609552 total
- age   8:       4216 bytes,   18613768 total
: 108938K->21824K(109248K), 0.0053798 secs] 167176K->81199K(502464K), 0.0054731 secs] [Times: user=0.02 sys=0.00, real=0.00 secs] 
Heap after GC invocations=19 (full 2):
 par new generation   total 109248K, used 21824K [0x00000007a0000000, 0x00000007a8000000, 0x00000007a8000000)
  eden space 87424K,   0% used [0x00000007a0000000, 0x00000007a0000000, 0x00000007a5560000)
  from space 21824K, 100% used [0x00000007a6ab0000, 0x00000007a8000000, 0x00000007a8000000)
  to   space 21824K,   0% used [0x00000007a5560000, 0x00000007a5560000, 0x00000007a6ab0000)
 concurrent mark-sweep generation total 393216K, used 59375K [0x00000007a8000000, 0x00000007c0000000, 0x00000007c0000000)
 Metaspace       used 46951K, capacity 48436K, committed 48792K, reserved 1091584K
  class space    used 5616K, capacity 5979K, committed 6040K, reserved 1048576K
}
2019-05-27T17:22:16.117+0600: 310.042: Total time for which application threads were stopped: 0.0056067 seconds, Stopping threads took: 0.0000160 seconds
2019-05-27T17:22:16.149+0600: 310.074: Total time for which application threads were stopped: 0.0000877 seconds, Stopping threads took: 0.0000153 seconds
2019-05-27T17:22:16.156+0600: 310.081: Total time for which application threads were stopped: 0.0000644 seconds, Stopping threads took: 0.0000167 seconds
2019-05-27T17:22:16.176+0600: 310.101: Total time for which application threads were stopped: 0.0000775 seconds, Stopping threads took: 0.0000248 seconds
2019-05-27T17:22:16.177+0600: 310.102: Total time for which application threads were stopped: 0.0000433 seconds, Stopping threads took: 0.0000103 seconds
2019-05-27T17:22:16.181+0600: 310.106: Total time for which application threads were stopped: 0.0005769 seconds, Stopping threads took: 0.0000109 seconds
{Heap before GC invocations=19 (full 2):
 par new generation   total 109248K, used 109248K [0x00000007a0000000, 0x00000007a8000000, 0x00000007a8000000)
  eden space 87424K, 100% used [0x00000007a0000000, 0x00000007a5560000, 0x00000007a5560000)
  from space 21824K, 100% used [0x00000007a6ab0000, 0x00000007a8000000, 0x00000007a8000000)
  to   space 21824K,   0% used [0x00000007a5560000, 0x00000007a5560000, 0x00000007a6ab0000)
 concurrent mark-sweep generation total 393216K, used 59375K [0x00000007a8000000, 0x00000007c0000000, 0x00000007c0000000)
 Metaspace       used 47315K, capacity 48790K, committed 49048K, reserved 1091584K
  class space    used 5660K, capacity 6012K, committed 6040K, reserved 1048576K
2019-05-27T17:22:16.202+0600: 310.127: [GC (Allocation Failure) 2019-05-27T17:22:16.203+0600: 310.127: [ParNew
Desired survivor size 20112992 bytes, new threshold 8 (max 8)
- age   1:    1154080 bytes,    1154080 total
- age   2:     478320 bytes,    1632400 total
- age   3:    4105472 bytes,    5737872 total
- age   4:    7537920 bytes,   13275792 total
- age   5:    4148656 bytes,   17424448 total
- age   6:      74968 bytes,   17499416 total
- age   7:     202592 bytes,   17702008 total
- age   8:      47544 bytes,   17749552 total
: 109248K->21824K(109248K), 0.0056185 secs] 168623K->83131K(502464K), 0.0056862 secs] [Times: user=0.03 sys=0.00, real=0.00 secs] 
Heap after GC invocations=20 (full 2):
 par new generation   total 109248K, used 21824K [0x00000007a0000000, 0x00000007a8000000, 0x00000007a8000000)
  eden space 87424K,   0% used [0x00000007a0000000, 0x00000007a0000000, 0x00000007a5560000)
  from space 21824K, 100% used [0x00000007a5560000, 0x00000007a6ab0000, 0x00000007a6ab0000)
  to   space 21824K,   0% used [0x00000007a6ab0000, 0x00000007a6ab0000, 0x00000007a8000000)
 concurrent mark-sweep generation total 393216K, used 61307K [0x00000007a8000000, 0x00000007c0000000, 0x00000007c0000000)
 Metaspace       used 47315K, capacity 48790K, committed 49048K, reserved 1091584K
  class space    used 5660K, capacity 6012K, committed 6040K, reserved 1048576K
}
2019-05-27T17:22:16.208+0600: 310.133: Total time for which application threads were stopped: 0.0058477 seconds, Stopping threads took: 0.0000339 seconds
2019-05-27T17:22:16.216+0600: 310.140: Total time for which application threads were stopped: 0.0000672 seconds, Stopping threads took: 0.0000178 seconds
2019-05-27T17:22:16.242+0600: 310.166: Total time for which application threads were stopped: 0.0000791 seconds, Stopping threads took: 0.0000267 seconds
2019-05-27T17:22:16.243+0600: 310.168: Total time for which application threads were stopped: 0.0000429 seconds, Stopping threads took: 0.0000084 seconds
2019-05-27T17:22:16.243+0600: 310.168: Total time for which application threads were stopped: 0.0000362 seconds, Stopping threads took: 0.0000087 seconds
2019-05-27T17:22:16.243+0600: 310.168: Total time for which application threads were stopped: 0.0000352 seconds, Stopping threads took: 0.0000070 seconds
2019-05-27T17:22:16.244+0600: 310.169: Total time for which application threads were stopped: 0.0000771 seconds, Stopping threads took: 0.0000428 seconds
2019-05-27T17:22:16.244+0600: 310.169: Total time for which application threads were stopped: 0.0000499 seconds, Stopping threads took: 0.0000176 seconds
2019-05-27T17:22:16.245+0600: 310.170: Total time for which application threads were stopped: 0.0000899 seconds, Stopping threads took: 0.0000338 seconds
2019-05-27T17:22:16.247+0600: 310.172: Total time for which application threads were stopped: 0.0000551 seconds, Stopping threads took: 0.0000103 seconds
2019-05-27T17:22:16.247+0600: 310.172: Total time for which application threads were stopped: 0.0000379 seconds, Stopping threads took: 0.0000081 seconds
2019-05-27T17:22:16.247+0600: 310.172: Total time for which application threads were stopped: 0.0000348 seconds, Stopping threads took: 0.0000071 seconds
2019-05-27T17:22:16.247+0600: 310.172: Total time for which application threads were stopped: 0.0000340 seconds, Stopping threads took: 0.0000069 seconds
2019-05-27T17:22:16.248+0600: 310.173: Total time for which application threads were stopped: 0.0000326 seconds, Stopping threads took: 0.0000065 seconds
2019-05-27T17:22:16.248+0600: 310.173: Total time for which application threads were stopped: 0.0000422 seconds, Stopping threads took: 0.0000088 seconds
2019-05-27T17:22:16.249+0600: 310.174: Total time for which application threads were stopped: 0.0000386 seconds, Stopping threads took: 0.0000076 seconds
2019-05-27T17:22:16.249+0600: 310.174: Total time for which application threads were stopped: 0.0000406 seconds, Stopping threads took: 0.0000084 seconds
2019-05-27T17:22:16.251+0600: 310.176: Total time for which application threads were stopped: 0.0001117 seconds, Stopping threads took: 0.0000092 seconds
2019-05-27T17:22:16.255+0600: 310.180: Total time for which application threads were stopped: 0.0001153 seconds, Stopping threads took: 0.0000631 seconds
2019-05-27T17:22:16.255+0600: 310.180: Total time for which application threads were stopped: 0.0000548 seconds, Stopping threads took: 0.0000196 seconds
2019-05-27T17:22:16.256+0600: 310.181: Total time for which application threads were stopped: 0.0000527 seconds, Stopping threads took: 0.0000184 seconds
2019-05-27T17:22:16.256+0600: 310.181: Total time for which application threads were stopped: 0.0000602 seconds, Stopping threads took: 0.0000248 seconds
2019-05-27T17:22:16.256+0600: 310.181: Total time for which application threads were stopped: 0.0000647 seconds, Stopping threads took: 0.0000307 seconds
2019-05-27T17:22:16.256+0600: 310.181: Total time for which application threads were stopped: 0.0000580 seconds, Stopping threads took: 0.0000247 seconds
2019-05-27T17:22:16.262+0600: 310.187: Total time for which application threads were stopped: 0.0001072 seconds, Stopping threads took: 0.0000131 seconds
2019-05-27T17:22:17.265+0600: 311.190: Total time for which application threads were stopped: 0.0001254 seconds, Stopping threads took: 0.0000177 seconds
2019-05-27T17:22:18.267+0600: 312.192: Total time for which application threads were stopped: 0.0000659 seconds, Stopping threads took: 0.0000166 seconds
2019-05-27T17:22:55.371+0600: 349.296: Total time for which application threads were stopped: 0.0001009 seconds, Stopping threads took: 0.0000340 seconds
2019-05-27T17:23:04.389+0600: 358.314: Total time for which application threads were stopped: 0.0001257 seconds, Stopping threads took: 0.0000344 seconds
2019-05-27T17:23:05.142+0600: 359.067: Total time for which application threads were stopped: 0.0005847 seconds, Stopping threads took: 0.0000115 seconds
2019-05-27T17:23:05.144+0600: 359.069: Total time for which application threads were stopped: 0.0005702 seconds, Stopping threads took: 0.0000070 seconds
2019-05-27T17:23:05.144+0600: 359.069: Total time for which application threads were stopped: 0.0000267 seconds, Stopping threads took: 0.0000054 seconds
2019-05-27T17:23:05.149+0600: 359.074: Total time for which application threads were stopped: 0.0001094 seconds, Stopping threads took: 0.0000367 seconds
2019-05-27T17:23:05.149+0600: 359.074: Total time for which application threads were stopped: 0.0001208 seconds, Stopping threads took: 0.0000526 seconds
2019-05-27T17:23:05.149+0600: 359.075: Total time for which application threads were stopped: 0.0000693 seconds, Stopping threads took: 0.0000261 seconds
2019-05-27T17:23:05.150+0600: 359.075: Total time for which application threads were stopped: 0.0000544 seconds, Stopping threads took: 0.0000261 seconds
2019-05-27T17:23:05.150+0600: 359.076: Total time for which application threads were stopped: 0.0000475 seconds, Stopping threads took: 0.0000185 seconds
2019-05-27T17:23:05.150+0600: 359.076: Total time for which application threads were stopped: 0.0000292 seconds, Stopping threads took: 0.0000055 seconds
2019-05-27T17:23:05.152+0600: 359.077: Total time for which application threads were stopped: 0.0000644 seconds, Stopping threads took: 0.0000139 seconds
2019-05-27T17:23:05.153+0600: 359.078: Total time for which application threads were stopped: 0.0000561 seconds, Stopping threads took: 0.0000076 seconds
2019-05-27T17:23:05.153+0600: 359.078: Total time for which application threads were stopped: 0.0000444 seconds, Stopping threads took: 0.0000185 seconds
2019-05-27T17:23:05.154+0600: 359.079: Total time for which application threads were stopped: 0.0000344 seconds, Stopping threads took: 0.0000073 seconds
2019-05-27T17:23:05.154+0600: 359.079: Total time for which application threads were stopped: 0.0000466 seconds, Stopping threads took: 0.0000089 seconds
2019-05-27T17:23:05.155+0600: 359.080: Total time for which application threads were stopped: 0.0000630 seconds, Stopping threads took: 0.0000338 seconds
2019-05-27T17:23:05.155+0600: 359.080: Total time for which application threads were stopped: 0.0000274 seconds, Stopping threads took: 0.0000059 seconds
2019-05-27T17:23:05.155+0600: 359.080: Total time for which application threads were stopped: 0.0000319 seconds, Stopping threads took: 0.0000067 seconds
2019-05-27T17:23:05.156+0600: 359.081: Total time for which application threads were stopped: 0.0000343 seconds, Stopping threads took: 0.0000058 seconds
2019-05-27T17:23:05.157+0600: 359.082: Total time for which application threads were stopped: 0.0000315 seconds, Stopping threads took: 0.0000067 seconds
2019-05-27T17:23:05.157+0600: 359.082: Total time for which application threads were stopped: 0.0000261 seconds, Stopping threads took: 0.0000057 seconds
2019-05-27T17:23:05.157+0600: 359.082: Total time for which application threads were stopped: 0.0000269 seconds, Stopping threads took: 0.0000054 seconds
2019-05-27T17:23:05.157+0600: 359.082: Total time for which application threads were stopped: 0.0000254 seconds, Stopping threads took: 0.0000055 seconds
2019-05-27T17:23:05.157+0600: 359.082: Total time for which application threads were stopped: 0.0000251 seconds, Stopping threads took: 0.0000052 seconds
2019-05-27T17:23:05.157+0600: 359.082: Total time for which application threads were stopped: 0.0000233 seconds, Stopping threads took: 0.0000049 seconds
2019-05-27T17:23:05.157+0600: 359.082: Total time for which application threads were stopped: 0.0000237 seconds, Stopping threads took: 0.0000051 seconds
2019-05-27T17:23:05.157+0600: 359.082: Total time for which application threads were stopped: 0.0000458 seconds, Stopping threads took: 0.0000185 seconds
2019-05-27T17:23:05.157+0600: 359.082: Total time for which application threads were stopped: 0.0000273 seconds, Stopping threads took: 0.0000063 seconds
2019-05-27T17:23:05.157+0600: 359.082: Total time for which application threads were stopped: 0.0000265 seconds, Stopping threads took: 0.0000062 seconds
2019-05-27T17:23:05.157+0600: 359.083: Total time for which application threads were stopped: 0.0000704 seconds, Stopping threads took: 0.0000051 seconds
2019-05-27T17:23:05.157+0600: 359.083: Total time for which application threads were stopped: 0.0000452 seconds, Stopping threads took: 0.0000181 seconds
2019-05-27T17:23:05.158+0600: 359.083: Total time for which application threads were stopped: 0.0000359 seconds, Stopping threads took: 0.0000074 seconds
2019-05-27T17:23:05.159+0600: 359.084: Total time for which application threads were stopped: 0.0000300 seconds, Stopping threads took: 0.0000060 seconds
2019-05-27T17:23:05.159+0600: 359.084: Total time for which application threads were stopped: 0.0000708 seconds, Stopping threads took: 0.0000350 seconds
2019-05-27T17:23:05.159+0600: 359.085: Total time for which application threads were stopped: 0.0000604 seconds, Stopping threads took: 0.0000212 seconds
2019-05-27T17:23:05.160+0600: 359.085: Total time for which application threads were stopped: 0.0000295 seconds, Stopping threads took: 0.0000065 seconds
2019-05-27T17:23:05.161+0600: 359.086: Total time for which application threads were stopped: 0.0000458 seconds, Stopping threads took: 0.0000096 seconds
2019-05-27T17:23:05.165+0600: 359.090: Total time for which application threads were stopped: 0.0000713 seconds, Stopping threads took: 0.0000202 seconds
2019-05-27T17:23:05.165+0600: 359.091: Total time for which application threads were stopped: 0.0000440 seconds, Stopping threads took: 0.0000167 seconds
2019-05-27T17:23:05.166+0600: 359.091: Total time for which application threads were stopped: 0.0000388 seconds, Stopping threads took: 0.0000162 seconds
2019-05-27T17:23:05.166+0600: 359.091: Total time for which application threads were stopped: 0.0000414 seconds, Stopping threads took: 0.0000151 seconds
2019-05-27T17:23:05.166+0600: 359.091: Total time for which application threads were stopped: 0.0000345 seconds, Stopping threads took: 0.0000116 seconds
2019-05-27T17:23:05.166+0600: 359.091: Total time for which application threads were stopped: 0.0000369 seconds, Stopping threads took: 0.0000176 seconds
2019-05-27T17:23:05.166+0600: 359.091: Total time for which application threads were stopped: 0.0000384 seconds, Stopping threads took: 0.0000145 seconds
2019-05-27T17:23:05.166+0600: 359.091: Total time for which application threads were stopped: 0.0000348 seconds, Stopping threads took: 0.0000148 seconds
2019-05-27T17:23:05.166+0600: 359.091: Total time for which application threads were stopped: 0.0000393 seconds, Stopping threads took: 0.0000159 seconds
2019-05-27T17:23:05.166+0600: 359.091: Total time for which application threads were stopped: 0.0000308 seconds, Stopping threads took: 0.0000127 seconds
2019-05-27T17:23:05.166+0600: 359.091: Total time for which application threads were stopped: 0.0000566 seconds, Stopping threads took: 0.0000139 seconds
2019-05-27T17:23:05.166+0600: 359.092: Total time for which application threads were stopped: 0.0000282 seconds, Stopping threads took: 0.0000059 seconds
2019-05-27T17:23:05.166+0600: 359.092: Total time for which application threads were stopped: 0.0000233 seconds, Stopping threads took: 0.0000050 seconds
2019-05-27T17:23:05.167+0600: 359.092: Total time for which application threads were stopped: 0.0000484 seconds, Stopping threads took: 0.0000257 seconds
2019-05-27T17:23:05.167+0600: 359.092: Total time for which application threads were stopped: 0.0000339 seconds, Stopping threads took: 0.0000151 seconds
2019-05-27T17:23:05.167+0600: 359.092: Total time for which application threads were stopped: 0.0000342 seconds, Stopping threads took: 0.0000167 seconds
2019-05-27T17:23:05.167+0600: 359.092: Total time for which application threads were stopped: 0.0000310 seconds, Stopping threads took: 0.0000142 seconds
2019-05-27T17:23:05.167+0600: 359.092: Total time for which application threads were stopped: 0.0000380 seconds, Stopping threads took: 0.0000155 seconds
2019-05-27T17:23:05.167+0600: 359.092: Total time for which application threads were stopped: 0.0000311 seconds, Stopping threads took: 0.0000140 seconds
2019-05-27T17:23:05.167+0600: 359.092: Total time for which application threads were stopped: 0.0000317 seconds, Stopping threads took: 0.0000133 seconds
2019-05-27T17:23:05.167+0600: 359.092: Total time for which application threads were stopped: 0.0000324 seconds, Stopping threads took: 0.0000144 seconds
2019-05-27T17:23:05.167+0600: 359.092: Total time for which application threads were stopped: 0.0000608 seconds, Stopping threads took: 0.0000110 seconds
2019-05-27T17:23:05.167+0600: 359.092: Total time for which application threads were stopped: 0.0000312 seconds, Stopping threads took: 0.0000133 seconds
2019-05-27T17:23:05.167+0600: 359.092: Total time for which application threads were stopped: 0.0000398 seconds, Stopping threads took: 0.0000150 seconds
2019-05-27T17:23:05.167+0600: 359.092: Total time for which application threads were stopped: 0.0000352 seconds, Stopping threads took: 0.0000153 seconds
2019-05-27T17:23:05.167+0600: 359.093: Total time for which application threads were stopped: 0.0000315 seconds, Stopping threads took: 0.0000135 seconds
2019-05-27T17:23:05.168+0600: 359.094: Total time for which application threads were stopped: 0.0000568 seconds, Stopping threads took: 0.0000296 seconds
2019-05-27T17:23:05.169+0600: 359.094: Total time for which application threads were stopped: 0.0000379 seconds, Stopping threads took: 0.0000159 seconds
2019-05-27T17:23:05.169+0600: 359.094: Total time for which application threads were stopped: 0.0000323 seconds, Stopping threads took: 0.0000143 seconds
2019-05-27T17:23:05.169+0600: 359.094: Total time for which application threads were stopped: 0.0000386 seconds, Stopping threads took: 0.0000148 seconds
2019-05-27T17:23:05.169+0600: 359.094: Total time for which application threads were stopped: 0.0000315 seconds, Stopping threads took: 0.0000135 seconds
2019-05-27T17:23:05.169+0600: 359.094: Total time for which application threads were stopped: 0.0000298 seconds, Stopping threads took: 0.0000137 seconds
2019-05-27T17:23:05.170+0600: 359.096: Total time for which application threads were stopped: 0.0000405 seconds, Stopping threads took: 0.0000234 seconds
2019-05-27T17:23:05.171+0600: 359.096: Total time for which application threads were stopped: 0.0001887 seconds, Stopping threads took: 0.0001681 seconds
2019-05-27T17:23:05.171+0600: 359.096: Total time for which application threads were stopped: 0.0000217 seconds, Stopping threads took: 0.0000063 seconds
Heap
 par new generation   total 109248K, used 50975K [0x00000007a0000000, 0x00000007a8000000, 0x00000007a8000000)
  eden space 87424K,  33% used [0x00000007a0000000, 0x00000007a1c77e68, 0x00000007a5560000)
  from space 21824K, 100% used [0x00000007a5560000, 0x00000007a6ab0000, 0x00000007a6ab0000)
  to   space 21824K,   0% used [0x00000007a6ab0000, 0x00000007a6ab0000, 0x00000007a8000000)
 concurrent mark-sweep generation total 393216K, used 61307K [0x00000007a8000000, 0x00000007c0000000, 0x00000007c0000000)
 Metaspace       used 47970K, capacity 49594K, committed 49816K, reserved 1093632K
  class space    used 5750K, capacity 6176K, committed 6296K, reserved 1048576K
